08-05 15:22:47.613  4261  5064 D WindowManager: rotationForOrientation, orientationSource=ActivityRecord{a0a05ac u0 com.viewerapp/.MainActivity t28}
08-05 15:22:47.614  4261  5064 D WindowManager: rotationForOrientation, orientationSource=ActivityRecord{a0a05ac u0 com.viewerapp/.MainActivity t28}
08-05 15:22:47.615  4261  5064 D PkgDataHelper: notifyAppCreate(), pkgName: com.viewerapp, sendRet: true
08-05 15:22:47.615  4261  4408 D GameManagerService: onLooperPrepared(), msg: MSG_APP_CREATE, pkgName: com.viewerapp
08-05 15:22:47.618  4261  4408 D GameManagerService: onLooperPrepared(), msg: MSG_TASK_FOCUSED, focusedComponent: ComponentInfo{com.viewerapp/com.viewerapp.MainActivity}
08-05 15:22:47.618  4261  4408 D GameManagerService:   handleTaskFocused(), pkgName: com.viewerapp, clsName: com.viewerapp.MainActivity, userID:0
08-05 15:22:47.618  4261  4408 D GameManagerService:   handleResume(). pkgName: com.viewerapp, isTunableApp: null
08-05 15:22:47.618  4261  4408 D GameManagerService: notifyFocusInOut(). of pkg: com.viewerapp, type: 4, isMinimized: false, isTunableApp: false
08-05 15:22:47.618  4261  5064 D MARsPolicyManager: onPackageResumedFG pkgName = com.viewerapp, userId = 0
08-05 15:22:47.623  4261  5643 V ActivityManager: Changed top to 10260,ProcessRecord{7df2eb2 28643:com.viewerapp/u0a260}
08-05 15:22:47.624  4261  4284 D SehCodecSolutionService: Update top [com.viewerapp]
08-05 15:22:47.625  4261  4261 I Pageboost: package com.viewerapp
08-05 15:22:47.625  4261  4598 I Pageboost: Record App IO : com.viewerapp pid 28643
08-05 15:22:47.627 28643 28643 W SoLoader: Recording new base apk path: /data/app/~~MkVfhISaT0mowmHRiXhzbQ==/com.viewerapp-e1ReNuNrStgGx_Qr4bQHcQ==/base.apk
08-05 15:22:47.628 28643 28643 I SoLoader: Preparing SO source: DirectApkSoSource[root = [/data/app/~~MkVfhISaT0mowmHRiXhzbQ==/com.viewerapp-e1ReNuNrStgGx_Qr4bQHcQ==/base.apk!/lib/arm64-v8a]]
08-05 15:22:47.631  3931  3954 I SurfaceFlinger: id=1447 createSurf (0x0),-1 flag=80004, f32560e Splash Screen com.viewerapp#0
08-05 15:22:47.633  4261  4500 D PkgPredictorService: com.viewerapp go to foreground!
08-05 15:22:47.634  4261  4500 D PkgPredictorService: previous pkgs: com.viewerapp,com.viewerapp,com.viewerapp running pkg: com.viewerapp, uid: 0 is system: false
08-05 15:22:47.634  4261  4500 D PkgPredictorService-Collector:  (hour:15 day:3 previous:[com.viewerapp, com.viewerapp, com.viewerapp] activityName:unknown running:com.viewerapp userId:0 screenOrientation:0 wifi:1 bt:0 predictTime:2 apkVersion:1.0 consumeTime:-1 preloaded:false>)
08-05 15:22:47.634  4261  4500 D PkgPredictorService-NapPreloadController: User using: com.viewerapp
08-05 15:22:47.636  4261  4287 V WindowManager: Relayout Window{f32560e u0 Splash Screen com.viewerapp}: viewVisibility=0 req=1080x2340
08-05 15:22:47.636 28643 28643 I SoLoader: Preparing SO source: ApplicationSoSource[DirectorySoSource[root = /data/app/~~MkVfhISaT0mowmHRiXhzbQ==/com.viewerapp-e1ReNuNrStgGx_Qr4bQHcQ==/lib/arm64 flags = 0]]
08-05 15:22:47.639  3931  3954 I SurfaceFlinger: id=1448 createSurf (1080x2340),1 flag=404, Splash Screen com.viewerapp#0
08-05 15:22:47.639  4261  4287 D WindowManager: makeSurface duration=2 name=Splash Screen com.viewerapp
08-05 15:22:47.650 28643 28643 W linker  : Warning: "/data/app/~~MkVfhISaT0mowmHRiXhzbQ==/com.viewerapp-e1ReNuNrStgGx_Qr4bQHcQ==/base.apk!/lib/arm64-v8a/libc++_shared.so" unused DT entry: unknown processor-specific (type 0x70000001 arg 0x0) (ignoring)
08-05 15:22:47.653  4261  4286 D GameManagerService: identifyGamePackage. com.viewerapp, mCurrentUserId: 0, callerUserId: 0
08-05 15:22:47.653  4261  4286 D PkgDataHelper: getGamePkgData(). com.viewerapp
08-05 15:22:47.657  4261  4286 D SemGameManager: isGamePackage(), pkgName=com.viewerapp
08-05 15:22:47.660  4261  4286 D GameManagerService: identifyGamePackage. com.viewerapp, mCurrentUserId: 0, callerUserId: 0
08-05 15:22:47.660  4261  4286 D PkgDataHelper: getGamePkgData(). com.viewerapp
08-05 15:22:47.661  4261  4286 D GameManagerService: noteResumeComponent(), received resumed-component: com.viewerapp
08-05 15:22:47.661  4261  4286 I GameSDK@LifeCycle: noteResumeComponent(): package name  : com.viewerapp
08-05 15:22:47.662  4261  4408 D GameManagerService: onLooperPrepared(), msg: MSG_APP_RESUME, resumeComponent: ComponentInfo{com.viewerapp/com.viewerapp.MainActivity}
08-05 15:22:47.666  4261  4287 D WindowManager: finishDrawingWindow: Window{f32560e u0 Splash Screen com.viewerapp} mDrawState=DRAW_PENDING
08-05 15:22:47.673  4261  4287 D WindowManager: createAnimationAdapter(): container=Task{3070275 #28 visible=false type=standard mode=fullscreen translucent=true A=10260:com.viewerapp U=0 StackId=28 sz=1}
08-05 15:22:47.675  4261  4287 D WindowManager: 	Add container=Task{3070275 #28 visible=false type=standard mode=fullscreen translucent=true A=10260:com.viewerapp U=0 StackId=28 sz=1}
08-05 15:22:47.682  3931  3954 I SurfaceFlinger: id=1454 createSurf (0x0),-1 flag=80000, 6ecc75f ActivityRecordInputSink com.viewerapp/.MainActivity#0
08-05 15:22:47.686  4261  4287 I WindowManager: container=Task{3070275 #28 visible=false type=standard mode=fullscreen translucent=true A=10260:com.viewerapp U=0 StackId=28 sz=1}
08-05 15:22:47.725  3931  3931 D SurfaceFlinger:      CLIENT | 0x7dc6af5980 | 0002 | RGBA_8888    |    0.0 1010.0 1080.0 2090.0 |  814 1773 1006 1965 | Splash Screen com.viewerapp#0
08-05 15:22:47.755  4261  4641 D MdnieScenarioControlService:  packageName : com.viewerapp    className : com.viewerapp.MainActivity
08-05 15:22:47.797 28643 28701 E AndroidRuntime: Process: com.viewerapp, PID: 28643
08-05 15:22:47.804  4261  5064 W ActivityManager: crash : com.viewerapp,10260
08-05 15:22:47.806  4261  5064 W ActivityTaskManager:   Force finishing activity com.viewerapp/.MainActivity
08-05 15:22:47.884  6073  6073 I SDHMS:PowerAnomaly:GATHERERAPPERROR: update AppError : uid=10260, pkg=com.viewerapp, errorType=crash
08-05 15:22:47.892  6073  6073 I SDHMS:PowerAnomaly:ANALYZERAPPERROR: analyze app error : uid=10260, pkg=com.viewerapp, appErrorCount=5
08-05 15:22:47.898  4261  4286 D GameManagerService: notePauseComponent(), received paused-component: com.viewerapp
08-05 15:22:47.899  3931  3954 I SurfaceFlinger: id=1458 createSurf (0x0),-1 flag=80004, 8a50246 com.viewerapp/com.viewerapp.MainActivity#0
08-05 15:22:47.942  4261  5164 V WindowManager: Setting visibility of Window{8a50246 u0 com.viewerapp/com.viewerapp.MainActivity}: false, caller=com.android.server.wm.WindowContainer.sendAppVisibilityToClients:1004 com.android.server.wm.ActivityRecord.setClientVisible:6401 com.android.server.wm.ActivityRecord.onAnimationFinished:7156 com.android.server.wm.WindowContainer.doAnimationFinished:2626 com.android.server.wm.WindowContainer.onAnimationFinished:2635 
08-05 15:22:47.944  4261  5164 E WindowManager: win=Window{f32560e u0 Splash Screen com.viewerapp EXITING} destroySurfaces: appStopped=false win.mWindowRemovalAllowed=true win.mRemoveOnExit=true win.mViewVisibility=0 caller=com.android.server.wm.ActivityRecord.destroySurfaces:5261 com.android.server.wm.ActivityRecord.destroySurfaces:5242 com.android.server.wm.WindowState.onExitAnimationDone:5654 com.android.server.wm.-$$Lambda$01bPtngJg5AqEoOWfW3rWfV7MH4.accept:2 java.util.ArrayList.forEach:1262 com.android.server.wm.ActivityRecord.onAnimationFinished:7175 com.android.server.wm.WindowContainer.doAnimationFinished:2626 
08-05 15:22:47.944  4261  5164 I WindowManager: Destroying surface Surface(name=Splash Screen com.viewerapp)/@0x4658191 called by com.android.server.wm.WindowStateAnimator.destroySurface:1794 com.android.server.wm.WindowStateAnimator.destroySurfaceLocked:765 com.android.server.wm.WindowState.destroySurfaceUnchecked:3949 com.android.server.wm.WindowState.destroySurface:3923 com.android.server.wm.ActivityRecord.destroySurfaces:5261 com.android.server.wm.ActivityRecord.destroySurfaces:5242 com.android.server.wm.WindowState.onExitAnimationDone:5654 com.android.server.wm.-$$Lambda$01bPtngJg5AqEoOWfW3rWfV7MH4.accept:2 
08-05 15:22:47.945  3931  4401 I Layer   : id=1448 removeFromCurrentState Splash Screen com.viewerapp#0 (62)
08-05 15:22:47.946  4261  5164 D ActivityTaskManager: finishFixedRotationTransform, r=ActivityRecord{a0a05ac u0 com.viewerapp/.MainActivity t28 f}}, caller=com.android.server.wm.WindowToken.finishFixedRotationTransform:664 com.android.server.wm.DisplayContent$FixedRotationTransitionListener.onAppTransitionFinishedLocked:7026 com.android.server.wm.AppTransition.notifyAppTransitionFinishedLocked:543 com.android.server.wm.ActivityRecord.onAnimationFinished:7177 com.android.server.wm.WindowContainer.doAnimationFinished:2626 
08-05 15:22:47.950  4261  5164 D WindowManager: 	container=Task{3070275 #28 visible=false type=standard mode=fullscreen translucent=true A=10260:com.viewerapp U=0 StackId=28 sz=1}
08-05 15:22:47.953  3931  4401 I Layer   : id=1447 removeFromCurrentState f32560e Splash Screen com.viewerapp#0 (62)
08-05 15:22:47.955  3931  5005 I SurfaceFlinger: id=1447 Removed f32560e Splash Screen com.viewerapp#0 (62)
08-05 15:22:47.955  3931  5005 I SurfaceFlinger: id=1448 Removed Splash Screen com.viewerapp#0 (62)
08-05 15:22:47.965  3931  3931 I Layer   : id=1448[1] Destroyed Splash Screen com.viewerapp#0
08-05 15:22:47.965  3931  3931 I Layer   : id=1447[1] Destroyed f32560e Splash Screen com.viewerapp#0
08-05 15:22:47.997  4261  7528 I WindowManager: WIN DEATH: Window{8a50246 u0 com.viewerapp/com.viewerapp.MainActivity}
08-05 15:22:47.998  4261  7528 W InputDispatcher: Attempted to unregister already unregistered input channel '8a50246 com.viewerapp/com.viewerapp.MainActivity (server)'
08-05 15:22:48.001  3931  5005 I Layer   : id=1458 removeFromCurrentState 8a50246 com.viewerapp/com.viewerapp.MainActivity#0 (57)
08-05 15:22:48.004  3931  5005 I SurfaceFlinger: id=1458 Removed 8a50246 com.viewerapp/com.viewerapp.MainActivity#0 (57)
08-05 15:22:48.018  3931  3931 I Layer   : id=1458[1] Destroyed 8a50246 com.viewerapp/com.viewerapp.MainActivity#0
08-05 15:22:48.046  4261  4654 I ActivityManager: Process com.viewerapp (pid 28643) has died: prcp CRE (206,811)
08-05 15:22:48.048  4261  4654 I ActivityTaskManager: Removing activity ActivityRecord{a0a05ac u0 com.viewerapp/.MainActivity t28 f}}(appDied)  from stack callers=com.android.server.wm.ActivityStack$RemoveHistoryRecordsForApp.processActivity:565 com.android.server.wm.ActivityStack$RemoveHistoryRecordsForApp.process:480 com.android.server.wm.ActivityStack.handleAppDied:3395 com.android.server.wm.RootWindowContainer.handleAppDied:3676 com.android.server.wm.ActivityTaskManagerService$LocalService.handleAppDied:8304 
08-05 15:22:48.048  3931  4401 I SurfaceFlinger: id=1454 Removed 6ecc75f ActivityRecordInputSink com.viewerapp/.MainActivity#0 (56)
08-05 15:22:48.052  3931  4401 I Layer   : id=1446 removeFromCurrentState ActivityRecord{a0a05ac u0 com.viewerapp/.MainActivity t28}#0 (56)
08-05 15:22:48.052  3931  4401 I Layer   : id=1454 removeFromCurrentState 6ecc75f ActivityRecordInputSink com.viewerapp/.MainActivity#0 (56)
08-05 15:22:48.053  3931  4401 I SurfaceFlinger: id=1446 Removed ActivityRecord{a0a05ac u0 com.viewerapp/.MainActivity t28}#0 (56)
08-05 15:22:48.064  3931  3931 I Layer   : id=1446[1] Destroyed ActivityRecord{a0a05ac u0 com.viewerapp/.MainActivity t28}#0
08-05 15:22:48.064  3931  3931 I Layer   : id=1454[1] Destroyed 6ecc75f ActivityRecordInputSink com.viewerapp/.MainActivity#0
08-05 15:22:48.068  4261  4284 I ReentryCounter: app reentry info: app name: com.viewerapp  reentry count:1
08-05 15:22:48.308  4261  4286 W ActivityTaskManager: Activity top resumed state loss timeout for ActivityRecord{a0a05ac u0 com.viewerapp/.MainActivity t-1 f}}
08-05 15:22:52.679  4261  4598 I Pageboost: db update :com.viewerapp ret 1
08-05 15:24:00.531  4916  4916 W AppStartUtils: sendActiveLaunchBroadcast() v.hasOnClickListeners() : true, iconInfo : AppInfo(id=64 type=APP hidden=0 container=all_apps screen=0 rank=19 user=UserHandle{0} title=viewerapp componentName=ComponentInfo{com.viewerapp/com.viewerapp.MainActivity} screenType=0)
08-05 15:24:00.533  4261  4590 I Pageboost: start alp : com.viewerapp
08-05 15:24:00.534  4261  4598 I Pageboost: alp for : com.viewerapp , 0
08-05 15:24:00.539  4261  4286 D StorageManagerService: getExternalStorageMountMode: uid=10260 packageName=com.viewerapp
08-05 15:24:00.561  4261  4293 I ActivityManager: Start proc 28741:com.viewerapp/u0a260 for activelaunch {com.viewerapp/com.viewerapp.MainActivity}
08-05 15:24:00.583 28741 28741 E com.viewerapp: Not starting debugger since process cannot load the jdwp agent.
08-05 15:24:00.597  4261  4654 I ActivityManager: DSS OFF for com.viewerapp
08-05 15:24:00.602  4261  4654 D ActivityManager: attachApplicationLocked() app=ProcessRecord{cce6e76 28741:com.viewerapp/u0a260} app.isolatedEntryPoint=null instr2=null
08-05 15:24:00.608 28741 28741 D ActivityThread: handleBindApplication()++ app=com.viewerapp
08-05 15:24:00.637  4261  5166 I ActivityTaskManager: START u0 {act=android.intent.action.MAIN cat=[android.intent.category.LAUNCHER] flg=0x10200000 cmp=com.viewerapp/.MainActivity bnds=[795,1750][1041,2113]} from uid 10138
08-05 15:24:00.638  4261  5166 D ActivityTaskManager: TaskLaunchParamsModifier:task=null activity=ActivityRecord{4221913 u0 com.viewerapp/.MainActivity display-area-from-source=DefaultTaskDisplayArea@238031438 task-display-area=DefaultTaskDisplayArea@238031438 display-area-windowing-mode=1
08-05 15:24:00.638  4261  5166 D ActivityTaskManager: TaskLaunchParamsModifier:task=null activity=ActivityRecord{4221913 u0 com.viewerapp/.MainActivity t-1} display-area-from-source=DefaultTaskDisplayArea@238031438 task-display-area=DefaultTaskDisplayArea@238031438 display-area-windowing-mode=1 inherit-from-source=fullscreen activity-options-fullscreen=Rect(0, 0 - 0, 0) non-freeform-display maximized-bounds
08-05 15:24:00.640  4916  4964 I AppIconSolution: getThemeIconWithBG called with public API, pkg = com.viewerapp
08-05 15:24:00.640 28741 28741 D ActivityThread: ActivityThread::handleMakeApplication() data=AppBindData{appInfo=ApplicationInfo{15b6a52 com.viewerapp}} appContext=android.app.ContextImpl@bbd7123 appContext.mOpPackageName=com.viewerapp appContext.mBasePackageName=com.viewerapp appContext.mPackageInfo=android.app.LoadedApk@c340620 data.restrictedBackupMode= false data.providers= [ContentProviderInfo{name=com.viewerapp.provider className=com.reactnative.ivpusic.imagepicker.IvpusicImagePickerFileProvider}, ContentProviderInfo{name=com.viewerapp.androidx-startup className=androidx.startup.InitializationProvider}, ContentProviderInfo{name=com.viewerapp.imagepickerprovider className=com.imagepicker.ImagePickerProvider}] Caller=android.app.ActivityThread.handleBindApplication:7500 android.app.ActivityThread.access$1400:301 android.app.ActivityThread$H.handleMessage:2156 android.os.Handler.dispatchMessage:106 android.os.Looper.loop:246 
08-05 15:24:00.641  4916  4964 I AppIconSolution: start to load, pkg=com.viewerapp, bg=192-192, dr=192-192, forDefault=true, density=640
08-05 15:24:00.642 28741 28741 D LoadedApk: LoadedApk::makeApplication() appContext=android.app.ContextImpl@8c48bd9 appContext.mOpPackageName=com.viewerapp appContext.mBasePackageName=com.viewerapp appContext.mPackageInfo=android.app.LoadedApk@c340620
08-05 15:24:00.643  4916  4964 I AppIconSolution: getIconScale, pkg=com.viewerapp, size=192, iconScale=IconScale[alpha=19, scale=1.0, isCrop=true]
08-05 15:24:00.645  4261  5166 D ActivityTaskManager: TaskLaunchParamsModifier:task=Task{cf3cd49 #29 visible=false type=standard mode=fullscreen translucent=true A=10260:com.viewerapp U=0 StackId=29 sz=0} activity=ActivityRecord{4221913 u0 com.viewerapp/.MainActivity t-1} display-from-task=0 task-display-area=DefaultTaskDisplayArea@238031438 display-area-windowing-mode=1 inherit-from-source=fullscreen activity-options-fullscreen=Rect(0, 0 - 0, 0) non-freeform-display maximized-bounds
08-05 15:24:00.649  3931  4401 I SurfaceFlinger: id=1460 createSurf (0x0),-1 flag=80004, ActivityRecord{4221913 u0 com.viewerapp/.MainActivity t29}#0
08-05 15:24:00.653  4916  4964 I AppIconSolution: default container[CROP], pkg=com.viewerapp, bg=154-154, dr=192-192
08-05 15:24:00.659  4916  4964 I LauncherActivityInfo: packageName: com.viewerapp, useThemeIcon: false, height: 154, width: 154, density: 640
08-05 15:24:00.683  4261  4922 D MARsPolicyManager: onPackageResumedFG pkgName = com.viewerapp, userId = 0
08-05 15:24:00.742  4261  4922 D WindowManager: rotationForOrientation, orientationSource=ActivityRecord{4221913 u0 com.viewerapp/.MainActivity t29}
08-05 15:24:00.743  4261  4922 D WindowManager: rotationForOrientation, orientationSource=ActivityRecord{4221913 u0 com.viewerapp/.MainActivity t29}
08-05 15:24:00.744  4261  4922 D WindowManager: rotationForOrientation, orientationSource=ActivityRecord{4221913 u0 com.viewerapp/.MainActivity t29}
08-05 15:24:00.746  4261  4922 D PkgDataHelper: notifyAppCreate(), pkgName: com.viewerapp, sendRet: true
08-05 15:24:00.749  4261  4922 D MARsPolicyManager: onPackageResumedFG pkgName = com.viewerapp, userId = 0
08-05 15:24:00.754  4261  4408 D GameManagerService: onLooperPrepared(), msg: MSG_APP_CREATE, pkgName: com.viewerapp
08-05 15:24:00.754  4261  4408 D GameManagerService: onLooperPrepared(), msg: MSG_TASK_FOCUSED, focusedComponent: ComponentInfo{com.viewerapp/com.viewerapp.MainActivity}
08-05 15:24:00.755  4261  4408 D GameManagerService:   handleTaskFocused(), pkgName: com.viewerapp, clsName: com.viewerapp.MainActivity, userID:0
08-05 15:24:00.755  4261  4408 D GameManagerService:   handleResume(). pkgName: com.viewerapp, isTunableApp: null
08-05 15:24:00.755  4261  4408 D GameManagerService: notifyFocusInOut(). of pkg: com.viewerapp, type: 4, isMinimized: false, isTunableApp: false
08-05 15:24:00.757  3931  4401 I SurfaceFlinger: id=1461 createSurf (0x0),-1 flag=80004, e546a86 Splash Screen com.viewerapp#0
08-05 15:24:00.761  4261  4287 V WindowManager: Relayout Window{e546a86 u0 Splash Screen com.viewerapp}: viewVisibility=0 req=1080x2340
08-05 15:24:00.766  3931  3953 I SurfaceFlinger: id=1462 createSurf (1080x2340),1 flag=404, Splash Screen com.viewerapp#0
08-05 15:24:00.767  4261  4287 D WindowManager: makeSurface duration=4 name=Splash Screen com.viewerapp
08-05 15:24:00.767  4261  4654 V ActivityManager: Changed top to 10260,ProcessRecord{cce6e76 28741:com.viewerapp/u0a260}
08-05 15:24:00.769  4261  4261 I Pageboost: package com.viewerapp
08-05 15:24:00.769  4261  4598 I Pageboost: Record App IO : com.viewerapp pid 28741
08-05 15:24:00.769  4261  4284 D SehCodecSolutionService: Update top [com.viewerapp]
08-05 15:24:00.771 28741 28741 W SoLoader: Recording new base apk path: /data/app/~~MkVfhISaT0mowmHRiXhzbQ==/com.viewerapp-e1ReNuNrStgGx_Qr4bQHcQ==/base.apk
08-05 15:24:00.773  4261  4500 D PkgPredictorService: com.viewerapp go to foreground!
08-05 15:24:00.774  4261  4500 D PkgPredictorService: previous pkgs: com.viewerapp,com.viewerapp,com.viewerapp running pkg: com.viewerapp, uid: 0 is system: false
08-05 15:24:00.774  4261  4500 D PkgPredictorService-Collector:  (hour:15 day:3 previous:[com.viewerapp, com.viewerapp, com.viewerapp] activityName:unknown running:com.viewerapp userId:0 screenOrientation:0 wifi:1 bt:0 predictTime:2 apkVersion:1.0 consumeTime:-1 preloaded:false>)
08-05 15:24:00.774  4261  4500 D PkgPredictorService-NapPreloadController: User using: com.viewerapp
08-05 15:24:00.776 28741 28741 I SoLoader: Preparing SO source: DirectApkSoSource[root = [/data/app/~~MkVfhISaT0mowmHRiXhzbQ==/com.viewerapp-e1ReNuNrStgGx_Qr4bQHcQ==/base.apk!/lib/arm64-v8a]]
08-05 15:24:00.790  4261  4287 D WindowManager: finishDrawingWindow: Window{e546a86 u0 Splash Screen com.viewerapp} mDrawState=DRAW_PENDING
08-05 15:24:00.791 28741 28741 I SoLoader: Preparing SO source: ApplicationSoSource[DirectorySoSource[root = /data/app/~~MkVfhISaT0mowmHRiXhzbQ==/com.viewerapp-e1ReNuNrStgGx_Qr4bQHcQ==/lib/arm64 flags = 0]]
08-05 15:24:00.802  4261  4287 D WindowManager: createAnimationAdapter(): container=Task{cf3cd49 #29 visible=false type=standard mode=fullscreen translucent=true A=10260:com.viewerapp U=0 StackId=29 sz=1}
08-05 15:24:00.803 28741 28741 W linker  : Warning: "/data/app/~~MkVfhISaT0mowmHRiXhzbQ==/com.viewerapp-e1ReNuNrStgGx_Qr4bQHcQ==/base.apk!/lib/arm64-v8a/libc++_shared.so" unused DT entry: unknown processor-specific (type 0x70000001 arg 0x0) (ignoring)
08-05 15:24:00.804  4261  4287 D WindowManager: 	Add container=Task{cf3cd49 #29 visible=false type=standard mode=fullscreen translucent=true A=10260:com.viewerapp U=0 StackId=29 sz=1}
08-05 15:24:00.811  3931  3953 I SurfaceFlinger: id=1468 createSurf (0x0),-1 flag=80000, 3aafc02 ActivityRecordInputSink com.viewerapp/.MainActivity#0
08-05 15:24:00.815  4261  4287 I WindowManager: container=Task{cf3cd49 #29 visible=false type=standard mode=fullscreen translucent=true A=10260:com.viewerapp U=0 StackId=29 sz=1}
08-05 15:24:00.836  4261  4286 D GameManagerService: identifyGamePackage. com.viewerapp, mCurrentUserId: 0, callerUserId: 0
08-05 15:24:00.836  4261  4286 D PkgDataHelper: getGamePkgData(). com.viewerapp
08-05 15:24:00.838  4261  4286 D SemGameManager: isGamePackage(), pkgName=com.viewerapp
08-05 15:24:00.839  4261  4286 D GameManagerService: identifyGamePackage. com.viewerapp, mCurrentUserId: 0, callerUserId: 0
08-05 15:24:00.840  4261  4286 D PkgDataHelper: getGamePkgData(). com.viewerapp
08-05 15:24:00.840  4261  4286 D GameManagerService: noteResumeComponent(), received resumed-component: com.viewerapp
08-05 15:24:00.840  4261  4408 D GameManagerService: onLooperPrepared(), msg: MSG_APP_RESUME, resumeComponent: ComponentInfo{com.viewerapp/com.viewerapp.MainActivity}
08-05 15:24:00.840  4261  4286 I GameSDK@LifeCycle: noteResumeComponent(): package name  : com.viewerapp
08-05 15:24:00.859  3931  3931 D SurfaceFlinger:      CLIENT | 0x7d42c14800 | 0002 | RGBA_8888    |    0.0 1010.0 1080.0 2090.0 |  822 1781 1005 1964 | Splash Screen com.viewerapp#0
08-05 15:24:00.900  4261  4641 D MdnieScenarioControlService:  packageName : com.viewerapp    className : com.viewerapp.MainActivity
08-05 15:24:00.944 28741 28797 E AndroidRuntime: Process: com.viewerapp, PID: 28741
08-05 15:24:00.948  4261  4922 W ActivityManager: crash : com.viewerapp,10260
08-05 15:24:00.951  4261  4922 W ActivityTaskManager:   Force finishing activity com.viewerapp/.MainActivity
08-05 15:24:01.047  6073  6073 I SDHMS:PowerAnomaly:GATHERERAPPERROR: update AppError : uid=10260, pkg=com.viewerapp, errorType=crash
08-05 15:24:01.056  4261  4286 D GameManagerService: notePauseComponent(), received paused-component: com.viewerapp
08-05 15:24:01.059  6073  6073 I SDHMS:PowerAnomaly:ANALYZERAPPERROR: analyze app error : uid=10260, pkg=com.viewerapp, appErrorCount=6
08-05 15:24:01.090  4261  5643 I ActivityManager: Process com.viewerapp (pid 28741) has died: prcp CRE (210,816)
08-05 15:24:01.092  4261  5643 I ActivityTaskManager: Removing activity ActivityRecord{4221913 u0 com.viewerapp/.MainActivity t29 f}}(appDied)  from stack callers=com.android.server.wm.ActivityStack$RemoveHistoryRecordsForApp.processActivity:565 com.android.server.wm.ActivityStack$RemoveHistoryRecordsForApp.process:480 com.android.server.wm.ActivityStack.handleAppDied:3395 com.android.server.wm.RootWindowContainer.handleAppDied:3676 com.android.server.wm.ActivityTaskManagerService$LocalService.handleAppDied:8304 
08-05 15:24:01.109  4261  6106 E WindowManager: win=Window{e546a86 u0 Splash Screen com.viewerapp EXITING} destroySurfaces: appStopped=false win.mWindowRemovalAllowed=true win.mRemoveOnExit=true win.mViewVisibility=0 caller=com.android.server.wm.ActivityRecord.destroySurfaces:5261 com.android.server.wm.ActivityRecord.destroySurfaces:5242 com.android.server.wm.WindowState.onExitAnimationDone:5654 com.android.server.wm.-$$Lambda$01bPtngJg5AqEoOWfW3rWfV7MH4.accept:2 java.util.ArrayList.forEach:1262 com.android.server.wm.ActivityRecord.onAnimationFinished:7175 com.android.server.wm.WindowContainer.doAnimationFinished:2626 
08-05 15:24:01.110  4261  6106 I WindowManager: Destroying surface Surface(name=Splash Screen com.viewerapp)/@0x24ef4b3 called by com.android.server.wm.WindowStateAnimator.destroySurface:1794 com.android.server.wm.WindowStateAnimator.destroySurfaceLocked:765 com.android.server.wm.WindowState.destroySurfaceUnchecked:3949 com.android.server.wm.WindowState.destroySurface:3923 com.android.server.wm.ActivityRecord.destroySurfaces:5261 com.android.server.wm.ActivityRecord.destroySurfaces:5242 com.android.server.wm.WindowState.onExitAnimationDone:5654 com.android.server.wm.-$$Lambda$01bPtngJg5AqEoOWfW3rWfV7MH4.accept:2 
08-05 15:24:01.110  3931  3953 I Layer   : id=1462 removeFromCurrentState Splash Screen com.viewerapp#0 (61)
08-05 15:24:01.112  3931  3953 I SurfaceFlinger: id=1468 Removed 3aafc02 ActivityRecordInputSink com.viewerapp/.MainActivity#0 (61)
08-05 15:24:01.114  4261  6106 D WindowManager: 	container=Task{cf3cd49 #29 visible=false type=standard mode=fullscreen translucent=true A=10260:com.viewerapp U=0 StackId=29 sz=0}
08-05 15:24:01.116  3931  5801 I Layer   : id=1460 removeFromCurrentState ActivityRecord{4221913 u0 com.viewerapp/.MainActivity t29}#0 (61)
08-05 15:24:01.116  3931  5801 I Layer   : id=1468 removeFromCurrentState 3aafc02 ActivityRecordInputSink com.viewerapp/.MainActivity#0 (61)
08-05 15:24:01.116  3931  5801 I Layer   : id=1461 removeFromCurrentState e546a86 Splash Screen com.viewerapp#0 (61)
08-05 15:24:01.116  3931  5801 I Layer   : id=1460 removeFromCurrentState ActivityRecord{4221913 u0 com.viewerapp/.MainActivity t29}#0 (61)
08-05 15:24:01.116  3931  5801 I Layer   : id=1468 removeFromCurrentState 3aafc02 ActivityRecordInputSink com.viewerapp/.MainActivity#0 (61)
08-05 15:24:01.116  3931  5801 I Layer   : id=1461 removeFromCurrentState e546a86 Splash Screen com.viewerapp#0 (61)
08-05 15:24:01.116  3931  5801 I Layer   : id=1461 removeFromCurrentState e546a86 Splash Screen com.viewerapp#0 (61)
08-05 15:24:01.116  3931  5801 I Layer   : id=1460 removeFromCurrentState ActivityRecord{4221913 u0 com.viewerapp/.MainActivity t29}#0 (61)
08-05 15:24:01.116  3931  5801 I Layer   : id=1468 removeFromCurrentState 3aafc02 ActivityRecordInputSink com.viewerapp/.MainActivity#0 (61)
08-05 15:24:01.117  3931  5801 I SurfaceFlinger: id=1462 Removed Splash Screen com.viewerapp#0 (61)
08-05 15:24:01.117  3931  5801 I SurfaceFlinger: id=1461 Removed e546a86 Splash Screen com.viewerapp#0 (61)
08-05 15:24:01.117  3931  5801 I SurfaceFlinger: id=1460 Removed ActivityRecord{4221913 u0 com.viewerapp/.MainActivity t29}#0 (61)
08-05 15:24:01.130  3931  3931 I Layer   : id=1462[1] Destroyed Splash Screen com.viewerapp#0
08-05 15:24:01.130  3931  3931 I Layer   : id=1461[1] Destroyed e546a86 Splash Screen com.viewerapp#0
08-05 15:24:01.131  3931  3931 I Layer   : id=1460[1] Destroyed ActivityRecord{4221913 u0 com.viewerapp/.MainActivity t29}#0
08-05 15:24:01.131  3931  3931 I Layer   : id=1468[1] Destroyed 3aafc02 ActivityRecordInputSink com.viewerapp/.MainActivity#0
08-05 15:24:01.192  4261  4284 I ReentryCounter: app reentry info: app name: com.viewerapp  reentry count:1
08-05 15:24:01.455  4261  4286 W ActivityTaskManager: Activity top resumed state loss timeout for ActivityRecord{4221913 u0 com.viewerapp/.MainActivity t-1 f}}
08-05 15:24:05.801  4261  4598 I Pageboost: db update :com.viewerapp ret 1
08-05 15:28:07.720  4916  4916 W AppStartUtils: sendActiveLaunchBroadcast() v.hasOnClickListeners() : true, iconInfo : AppInfo(id=64 type=APP hidden=0 container=all_apps screen=0 rank=19 user=UserHandle{0} title=viewerapp componentName=ComponentInfo{com.viewerapp/com.viewerapp.MainActivity} screenType=0)
08-05 15:28:07.722  4261  4590 I Pageboost: start alp : com.viewerapp
08-05 15:28:07.723  4261  4598 I Pageboost: alp for : com.viewerapp , 0
08-05 15:28:07.727  4261  4286 D StorageManagerService: getExternalStorageMountMode: uid=10260 packageName=com.viewerapp
08-05 15:28:07.749  4261  4293 I ActivityManager: Start proc 28847:com.viewerapp/u0a260 for activelaunch {com.viewerapp/com.viewerapp.MainActivity}
08-05 15:28:07.775 28847 28847 E com.viewerapp: Not starting debugger since process cannot load the jdwp agent.
08-05 15:28:07.788  4261  4654 I ActivityManager: DSS OFF for com.viewerapp
08-05 15:28:07.793  4261  4654 D ActivityManager: attachApplicationLocked() app=ProcessRecord{75b8e59 28847:com.viewerapp/u0a260} app.isolatedEntryPoint=null instr2=null
08-05 15:28:07.799 28847 28847 D ActivityThread: handleBindApplication()++ app=com.viewerapp
08-05 15:28:07.819  4261  7528 I ActivityTaskManager: START u0 {act=android.intent.action.MAIN cat=[android.intent.category.LAUNCHER] flg=0x10200000 cmp=com.viewerapp/.MainActivity bnds=[795,1750][1041,2113]} from uid 10138
08-05 15:28:07.820  4261  7528 D ActivityTaskManager: TaskLaunchParamsModifier:task=null activity=ActivityRecord{77d8a2a u0 com.viewerapp/.MainActivity display-area-from-source=DefaultTaskDisplayArea@238031438 task-display-area=DefaultTaskDisplayArea@238031438 display-area-windowing-mode=1
08-05 15:28:07.820  4261  7528 D ActivityTaskManager: TaskLaunchParamsModifier:task=null activity=ActivityRecord{77d8a2a u0 com.viewerapp/.MainActivity t-1} display-area-from-source=DefaultTaskDisplayArea@238031438 task-display-area=DefaultTaskDisplayArea@238031438 display-area-windowing-mode=1 inherit-from-source=fullscreen activity-options-fullscreen=Rect(0, 0 - 0, 0) non-freeform-display maximized-bounds
08-05 15:28:07.827  4261  7528 D ActivityTaskManager: TaskLaunchParamsModifier:task=Task{708d01b #30 visible=false type=standard mode=fullscreen translucent=true A=10260:com.viewerapp U=0 StackId=30 sz=0} activity=ActivityRecord{77d8a2a u0 com.viewerapp/.MainActivity t-1} display-from-task=0 task-display-area=DefaultTaskDisplayArea@238031438 display-area-windowing-mode=1 inherit-from-source=fullscreen activity-options-fullscreen=Rect(0, 0 - 0, 0) non-freeform-display maximized-bounds
08-05 15:28:07.828  3931  3954 I SurfaceFlinger: id=1474 createSurf (0x0),-1 flag=80004, ActivityRecord{77d8a2a u0 com.viewerapp/.MainActivity t30}#0
08-05 15:28:07.829  4916  4964 I AppIconSolution: getThemeIconWithBG called with public API, pkg = com.viewerapp
08-05 15:28:07.829 28847 28847 D ActivityThread: ActivityThread::handleMakeApplication() data=AppBindData{appInfo=ApplicationInfo{15b6a52 com.viewerapp}} appContext=android.app.ContextImpl@bbd7123 appContext.mOpPackageName=com.viewerapp appContext.mBasePackageName=com.viewerapp appContext.mPackageInfo=android.app.LoadedApk@c340620 data.restrictedBackupMode= false data.providers= [ContentProviderInfo{name=com.viewerapp.provider className=com.reactnative.ivpusic.imagepicker.IvpusicImagePickerFileProvider}, ContentProviderInfo{name=com.viewerapp.androidx-startup className=androidx.startup.InitializationProvider}, ContentProviderInfo{name=com.viewerapp.imagepickerprovider className=com.imagepicker.ImagePickerProvider}] Caller=android.app.ActivityThread.handleBindApplication:7500 android.app.ActivityThread.access$1400:301 android.app.ActivityThread$H.handleMessage:2156 android.os.Handler.dispatchMessage:106 android.os.Looper.loop:246 
08-05 15:28:07.830  4916  4964 I AppIconSolution: start to 