08-05 15:15:48.118  4261  6065 E WindowManager: win=Window{dc6ee15 u0 Splash Screen com.viewerapp EXITING} destroySurfaces: appStopped=false win.mWindowRemovalAllowed=true win.mRemoveOnExit=true win.mViewVisibility=0 caller=com.android.server.wm.ActivityRecord.destroySurfaces:5261 com.android.server.wm.ActivityRecord.destroySurfaces:5242 com.android.server.wm.WindowState.onExitAnimationDone:5654 com.android.server.wm.-$$Lambda$01bPtngJg5AqEoOWfW3rWfV7MH4.accept:2 java.util.ArrayList.forEach:1262 com.android.server.wm.ActivityRecord.onAnimationFinished:7175 com.android.server.wm.WindowContainer.doAnimationFinished:2626 
08-05 15:15:48.119  4261  6065 I WindowManager: Destroying surface Surface(name=Splash Screen com.viewerapp)/@0x8ff8e53 called by com.android.server.wm.WindowStateAnimator.destroySurface:1794 com.android.server.wm.WindowStateAnimator.destroySurfaceLocked:765 com.android.server.wm.WindowState.destroySurfaceUnchecked:3949 com.android.server.wm.WindowState.destroySurface:3923 com.android.server.wm.ActivityRecord.destroySurfaces:5261 com.android.server.wm.ActivityRecord.destroySurfaces:5242 com.android.server.wm.WindowState.onExitAnimationDone:5654 com.android.server.wm.-$$Lambda$01bPtngJg5AqEoOWfW3rWfV7MH4.accept:2 
08-05 15:15:48.122  3931  5801 I Layer   : id=1393 removeFromCurrentState Splash Screen com.viewerapp#0 (63)
08-05 15:15:48.123  4261  6065 D ActivityTaskManager: finishFixedRotationTransform, r=ActivityRecord{10009e6 u0 com.viewerapp/.MainActivity t25 f}}, caller=com.android.server.wm.WindowToken.finishFixedRotationTransform:664 com.android.server.wm.DisplayContent$FixedRotationTransitionListener.onAppTransitionFinishedLocked:7026 com.android.server.wm.AppTransition.notifyAppTransitionFinishedLocked:543 com.android.server.wm.ActivityRecord.onAnimationFinished:7177 com.android.server.wm.WindowContainer.doAnimationFinished:2626 
08-05 15:15:48.128  4261  6065 D WindowManager: 	container=Task{dec7b27 #25 visible=false type=standard mode=fullscreen translucent=true A=10260:com.viewerapp U=0 StackId=25 sz=1}
08-05 15:15:48.131  3931  5005 I Layer   : id=1391 removeFromCurrentState ActivityRecord{10009e6 u0 com.viewerapp/.MainActivity t25}#0 (63)
08-05 15:15:48.131  3931  5005 I Layer   : id=1399 removeFromCurrentState 5c7b041 ActivityRecordInputSink com.viewerapp/.MainActivity#0 (63)
08-05 15:15:48.131  3931  5005 I Layer   : id=1403 removeFromCurrentState 406b3ad com.viewerapp/com.viewerapp.MainActivity#0 (63)
08-05 15:15:48.131  3931  5005 I Layer   : id=1404 removeFromCurrentState com.viewerapp/com.viewerapp.MainActivity$_28246#0 (63)
08-05 15:15:48.131  3931  5005 I Layer   : id=1392 removeFromCurrentState dc6ee15 Splash Screen com.viewerapp#0 (63)
08-05 15:15:48.131  3931  5005 I Layer   : id=1392 removeFromCurrentState dc6ee15 Splash Screen com.viewerapp#0 (63)
08-05 15:15:48.131  3931  5005 I Layer   : id=1391 addToCurrentState ActivityRecord{10009e6 u0 com.viewerapp/.MainActivity t25}#0 (63)
08-05 15:15:48.131  3931  5005 I Layer   : id=1399 addToCurrentState 5c7b041 ActivityRecordInputSink com.viewerapp/.MainActivity#0 (63)
08-05 15:15:48.131  3931  5005 I Layer   : id=1403 addToCurrentState 406b3ad com.viewerapp/com.viewerapp.MainActivity#0 (63)
08-05 15:15:48.131  3931  5005 I Layer   : id=1404 addToCurrentState com.viewerapp/com.viewerapp.MainActivity$_28246#0 (63)
08-05 15:15:48.132  3931  5005 I SurfaceFlinger: id=1393 Removed Splash Screen com.viewerapp#0 (63)
08-05 15:15:48.132  3931  5005 I SurfaceFlinger: id=1392 Removed dc6ee15 Splash Screen com.viewerapp#0 (63)
08-05 15:15:48.136  3931  3931 I Layer   : id=1392[1] Destroyed dc6ee15 Splash Screen com.viewerapp#0
08-05 15:15:48.139  3931  3931 I Layer   : id=1393[1] Destroyed Splash Screen com.viewerapp#0
08-05 15:15:48.229  3931  3953 I SurfaceFlinger: id=1406 createSurf (0x0),-1 flag=80004, 4ba74e Application Error: com.viewerapp#0
08-05 15:15:48.237  4261  4284 V WindowManager: Changing focus from Window{83bf71 u0 com.sec.android.app.launcher/com.sec.android.app.launcher.activities.LauncherActivity} to Window{4ba74e u0 Application Error: com.viewerapp} displayId=0 Callers=com.android.server.wm.RootWindowContainer.updateFocusedWindowLocked:567 com.android.server.wm.WindowManagerService.updateFocusedWindowLocked:6316 com.android.server.wm.WindowManagerService.addWindow:1965 com.android.server.wm.Session.addToDisplayAsUser:182 
08-05 15:15:48.290  4261  4284 V WindowManager: Relayout Window{4ba74e u0 Application Error: com.viewerapp}: viewVisibility=0 req=1078x552
08-05 15:15:48.294  3931  3954 I SurfaceFlinger: id=1409 createSurf (1090x564),1 flag=4, Application Error: com.viewerapp#0
08-05 15:15:48.295  4261  4284 D WindowManager: makeSurface duration=2 name=Application Error: com.viewerapp
08-05 15:15:48.301  4261  5642 D WindowManager: finishDrawingWindow: Window{406b3ad u0 com.viewerapp/com.viewerapp.MainActivity} mDrawState=DRAW_PENDING
08-05 15:15:48.326  3931  3953 E BufferQueueProducer: [com.viewerapp/com.viewerapp.MainActivity$_28246#0](id:f5b000000b2,api:0,p:-1,c:3931) disconnect: not connected (req=1)
08-05 15:15:48.328  4261  5642 I WindowManager: Destroying surface Surface(name=com.viewerapp/com.viewerapp.MainActivity$_28246)/@0x5e44fb9 called by com.android.server.wm.WindowStateAnimator.destroySurface:1794 com.android.server.wm.WindowStateAnimator.destroySurfaceLocked:765 com.android.server.wm.WindowState.removeImmediately:2696 com.android.server.wm.WindowState.removeIfPossible:2861 com.android.server.wm.WindowState.removeIfPossible:2719 com.android.server.wm.WindowManagerService.removeWindow:2190 com.android.server.wm.Session.remove:199 android.view.IWindowSession$Stub.onTransact:813 
08-05 15:15:48.328  3931  3953 I Layer   : id=1404 removeFromCurrentState com.viewerapp/com.viewerapp.MainActivity$_28246#0 (61)
08-05 15:15:48.329  3931  3953 I SurfaceFlinger: id=1404 Removed com.viewerapp/com.viewerapp.MainActivity$_28246#0 (61)
08-05 15:15:48.331  3931  3953 I Layer   : id=1403 removeFromCurrentState 406b3ad com.viewerapp/com.viewerapp.MainActivity#0 (61)
08-05 15:15:48.332  3931  3953 I SurfaceFlinger: id=1403 Removed 406b3ad com.viewerapp/com.viewerapp.MainActivity#0 (61)
08-05 15:15:48.335  4261  5642 I ActivityTaskManager: Removing activity ActivityRecord{10009e6 u0 com.viewerapp/.MainActivity t25 f}}(activityDestroyed)  from stack callers=com.android.server.wm.ActivityRecord.destroyed:3617 com.android.server.wm.ActivityTaskManagerService.activityDestroyed:2643 android.app.IActivityTaskManager$Stub.onTransact:2232 android.os.Binder.execTransactInternal:1195 android.os.Binder.execTransact:1159 
08-05 15:15:48.335  3931  3953 I SurfaceFlinger: id=1399 Removed 5c7b041 ActivityRecordInputSink com.viewerapp/.MainActivity#0 (61)
08-05 15:15:48.336  3931  3931 I Layer   : id=1403[1] Destroyed 406b3ad com.viewerapp/com.viewerapp.MainActivity#0
08-05 15:15:48.337  3931  3931 I Layer   : id=1404[1] Destroyed com.viewerapp/com.viewerapp.MainActivity$_28246#0
08-05 15:15:48.342  3931  3953 I Layer   : id=1391 removeFromCurrentState ActivityRecord{10009e6 u0 com.viewerapp/.MainActivity t25}#0 (59)
08-05 15:15:48.342  3931  3953 I Layer   : id=1399 removeFromCurrentState 5c7b041 ActivityRecordInputSink com.viewerapp/.MainActivity#0 (59)
08-05 15:15:48.342  3931  3953 I SurfaceFlinger: id=1391 Removed ActivityRecord{10009e6 u0 com.viewerapp/.MainActivity t25}#0 (59)
08-05 15:15:48.353  3931  3931 I Layer   : id=1391[1] Destroyed ActivityRecord{10009e6 u0 com.viewerapp/.MainActivity t25}#0
08-05 15:15:48.353  3931  3931 I Layer   : id=1399[1] Destroyed 5c7b041 ActivityRecordInputSink com.viewerapp/.MainActivity#0
08-05 15:15:48.353  4261  4491 W SemWifiTransportLayerUtils: getApplicationCategory - IOException com.viewerapp
08-05 15:15:48.353  4261  4491 W System.err: java.io.FileNotFoundException: https://play.google.com/store/apps/details?id=com.viewerapp&hl=en
08-05 15:15:48.436  4261  4284 D WindowManager: finishDrawingWindow: Window{4ba74e u0 Application Error: com.viewerapp} mDrawState=DRAW_PENDING
08-05 15:15:48.437  4261  4287 I WindowManager: Reparenting to leash, surface=Surface(name=4ba74e Application Error: com.viewerapp)/@0x64749f3, leashParent=Surface(name=WindowToken{19ad050 android.view.ViewRootImpl$W@5954613})/@0x9d4b6b0
08-05 15:15:48.438  3931  5801 I SurfaceFlinger: id=1410 createSurf (0x0),-1 flag=24004, Surface(name=4ba74e Application Error: com.viewerapp)/@0x64749f3 - animation-leash#0
08-05 15:15:48.438  4261  4287 D WindowManager: makeSurface duration=1 leash=Surface(name=Surface(name=4ba74e Application Error: com.viewerapp)/@0x64749f3 - animation-leash)/@0xb5b9929
08-05 15:15:48.496  3931  3931 D SurfaceFlinger:      DEVICE | 0x7dc6af6380 | 0000 | RGBA_8888    |    5.0    0.0 1085.0  564.0 |    0 1724 1080 2288 | Application Error: com.viewerapp#0
08-05 15:15:48.753  4261  4287 I WindowManager: Reparenting to original parent: Surface(name=WindowToken{19ad050 android.view.ViewRootImpl$W@5954613})/@0x9d4b6b0, destroy=true, surface=Surface(name=4ba74e Application Error: com.viewerapp)/@0x64749f3
08-05 15:15:48.755  3931  5005 I Layer   : id=1410 removeFromCurrentState Surface(name=4ba74e Application Error: com.viewerapp)/@0x64749f3 - animation-leash#0 (59)
08-05 15:15:48.756  3931  5005 I SurfaceFlinger: id=1410 Removed Surface(name=4ba74e Application Error: com.viewerapp)/@0x64749f3 - animation-leash#0 (59)
08-05 15:15:48.770  3931  3931 I Layer   : id=1410[1] Destroyed Surface(name=4ba74e Application Error: com.viewerapp)/@0x64749f3 - animation-leash#0
08-05 15:15:50.573  4261  4598 I Pageboost: db update :com.viewerapp ret 1
08-05 15:15:50.693  4261  4598 I Pageboost: memUsage collected : 14210 0 0 for com.viewerapp 28246
08-05 15:15:51.637  4261  4636 I ActivityManager: Killing 28246:com.viewerapp/u0a260 (adj 900): crash
08-05 15:15:51.638  4261  4636 D ActivityManager: proc ProcessRecord{8bda61a 28246:com.viewerapp/u0a260} already removed. so we skip next process.
08-05 15:15:51.640  3931  5005 E BufferQueueProducer: [Application Error: com.viewerapp#0](id:f5b000000b3,api:0,p:-1,c:3931) disconnect: not connected (req=1)
08-05 15:15:51.642  4261  4284 I WindowManager: Reparenting to leash, surface=Surface(name=4ba74e Application Error: com.viewerapp)/@0x64749f3, leashParent=Surface(name=WindowToken{19ad050 android.view.ViewRootImpl$W@5954613})/@0x9d4b6b0
08-05 15:15:51.643  3931  5801 I SurfaceFlinger: id=1413 createSurf (0x0),-1 flag=24000, Surface(name=4ba74e Application Error: com.viewerapp)/@0x64749f3 - animation-leash#0
08-05 15:15:51.644  4261  4284 D WindowManager: makeSurface duration=1 leash=Surface(name=Surface(name=4ba74e Application Error: com.viewerapp)/@0x64749f3 - animation-leash)/@0x850022f
08-05 15:15:51.646  4261  4284 V WindowManager: removeIfPossible 2, Window{4ba74e u0 Application Error: com.viewerapp}: mAnimatingExit=true caller=com.android.server.wm.WindowState.removeIfPossible:2719 com.android.server.wm.WindowManagerService.removeWindow:2190 com.android.server.wm.Session.remove:199 android.view.ViewRootImpl.dispatchDetachedFromWindow:5715 android.view.ViewRootImpl.doDie:9337 
08-05 15:15:51.647  4261  4284 V WindowManager: Changing focus from Window{4ba74e u0 Application Error: com.viewerapp EXITING} to Window{83bf71 u0 com.sec.android.app.launcher/com.sec.android.app.launcher.activities.LauncherActivity} displayId=0 Callers=com.android.server.wm.RootWindowContainer.updateFocusedWindowLocked:567 com.android.server.wm.WindowManagerService.updateFocusedWindowLocked:6316 com.android.server.wm.WindowState.setupWindowForRemoveOnExit:2884 com.android.server.wm.WindowState.removeIfPossible:2853 
08-05 15:15:51.668  4261  4284 I ReentryCounter: app reentry info: app name: com.viewerapp  reentry count:1
08-05 15:15:51.956  4261  4287 I WindowManager: Reparenting to original parent: Surface(name=WindowToken{19ad050 android.view.ViewRootImpl$W@5954613})/@0x9d4b6b0, destroy=true, surface=Surface(name=4ba74e Application Error: com.viewerapp)/@0x64749f3
08-05 15:15:51.973  3931  3953 I Layer   : id=1413 removeFromCurrentState Surface(name=4ba74e Application Error: com.viewerapp)/@0x64749f3 - animation-leash#0 (59)
08-05 15:15:51.973  3931  3953 I SurfaceFlinger: id=1413 Removed Surface(name=4ba74e Application Error: com.viewerapp)/@0x64749f3 - animation-leash#0 (59)
08-05 15:15:51.976  4261  4287 I WindowManager: Destroying surface Surface(name=Application Error: com.viewerapp)/@0x8c68040 called by com.android.server.wm.WindowStateAnimator.destroySurface:1794 com.android.server.wm.WindowStateAnimator.destroySurfaceLocked:765 com.android.server.wm.WindowState.destroySurfaceUnchecked:3949 com.android.server.wm.RootWindowContainer.performSurfacePlacementNoTrace:1112 com.android.server.wm.RootWindowContainer.performSurfacePlacement:959 com.android.server.wm.WindowSurfacePlacer.performSurfacePlacementLoop:182 com.android.server.wm.WindowSurfacePlacer.performSurfacePlacement:131 com.android.server.wm.WindowSurfacePlacer.performSurfacePlacement:120 
08-05 15:15:51.976  3931  3953 I Layer   : id=1409 removeFromCurrentState Application Error: com.viewerapp#0 (59)
08-05 15:15:51.977  3931  3953 I SurfaceFlinger: id=1409 Removed Application Error: com.viewerapp#0 (59)
08-05 15:15:51.980  3931  3953 I Layer   : id=1406 removeFromCurrentState 4ba74e Application Error: com.viewerapp#0 (59)
08-05 15:15:51.981  3931  3953 I SurfaceFlinger: id=1406 Removed 4ba74e Application Error: com.viewerapp#0 (59)
08-05 15:15:51.989  3931  3931 I Layer   : id=1413[1] Destroyed Surface(name=4ba74e Application Error: com.viewerapp)/@0x64749f3 - animation-leash#0
08-05 15:15:51.989  3931  3931 I Layer   : id=1406[1] Destroyed 4ba74e Application Error: com.viewerapp#0
08-05 15:15:51.989  3931  3931 I Layer   : id=1409[1] Destroyed Application Error: com.viewerapp#0
08-05 15:15:52.560  4916  4916 W AppStartUtils: sendActiveLaunchBroadcast() v.hasOnClickListeners() : true, iconInfo : AppInfo(id=64 type=APP hidden=0 container=all_apps screen=0 rank=19 user=UserHandle{0} title=viewerapp componentName=ComponentInfo{com.viewerapp/com.viewerapp.MainActivity} screenType=0)
08-05 15:15:52.561  4261  4590 I Pageboost: start alp : com.viewerapp
08-05 15:15:52.562  4261  4598 I Pageboost: alp for : com.viewerapp , 1
08-05 15:15:52.566  4261  4286 D StorageManagerService: getExternalStorageMountMode: uid=10260 packageName=com.viewerapp
08-05 15:15:52.589  4261  4293 I ActivityManager: Start proc 28378:com.viewerapp/u0a260 for activelaunch {com.viewerapp/com.viewerapp.MainActivity}
08-05 15:15:52.610 28378 28378 E com.viewerapp: Not starting debugger since process cannot load the jdwp agent.
08-05 15:15:52.622  4261  5642 I ActivityManager: DSS OFF for com.viewerapp
08-05 15:15:52.625  4261  5642 D ActivityManager: attachApplicationLocked() app=ProcessRecord{eed30be 28378:com.viewerapp/u0a260} app.isolatedEntryPoint=null instr2=null
08-05 15:15:52.631 28378 28378 D ActivityThread: handleBindApplication()++ app=com.viewerapp
08-05 15:15:52.653  4261  5642 I ActivityTaskManager: START u0 {act=android.intent.action.MAIN cat=[android.intent.category.LAUNCHER] flg=0x10200000 cmp=com.viewerapp/.MainActivity bnds=[795,1750][1041,2113]} from uid 10138
08-05 15:15:52.654  4916  4964 I AppIconSolution: getThemeIconWithBG called with public API, pkg = com.viewerapp
08-05 15:15:52.654  4261  5642 D ActivityTaskManager: TaskLaunchParamsModifier:task=null activity=ActivityRecord{362a43b u0 com.viewerapp/.MainActivity display-area-from-source=DefaultTaskDisplayArea@238031438 task-display-area=DefaultTaskDisplayArea@238031438 display-area-windowing-mode=1
08-05 15:15:52.655  4916  4964 I AppIconSolution: start to load, pkg=com.viewerapp, bg=192-192, dr=192-192, forDefault=true, density=640
08-05 15:15:52.655  4261  5642 D ActivityTaskManager: TaskLaunchParamsModifier:task=null activity=ActivityRecord{362a43b u0 com.viewerapp/.MainActivity t-1} display-area-from-source=DefaultTaskDisplayArea@238031438 task-display-area=DefaultTaskDisplayArea@238031438 display-area-windowing-mode=1 inherit-from-source=fullscreen activity-options-fullscreen=Rect(0, 0 - 0, 0) non-freeform-display maximized-bounds
08-05 15:15:52.656  4916  4964 I AppIconSolution: getIconScale, pkg=com.viewerapp, size=192, iconScale=IconScale[alpha=19, scale=1.0, isCrop=true]
08-05 15:15:52.661  4916  4964 I AppIconSolution: default container[CROP], pkg=com.viewerapp, bg=154-154, dr=192-192
08-05 15:15:52.662  4261  5642 D ActivityTaskManager: TaskLaunchParamsModifier:task=Task{fac1758 #26 visible=false type=standard mode=fullscreen translucent=true A=10260:com.viewerapp U=0 StackId=26 sz=0} activity=ActivityRecord{362a43b u0 com.viewerapp/.MainActivity t-1} display-from-task=0 task-display-area=DefaultTaskDisplayArea@238031438 display-area-windowing-mode=1 inherit-from-source=fullscreen activity-options-fullscreen=Rect(0, 0 - 0, 0) non-freeform-display maximized-bounds
08-05 15:15:52.663  3931  3954 I SurfaceFlinger: id=1418 createSurf (0x0),-1 flag=80004, ActivityRecord{362a43b u0 com.viewerapp/.MainActivity t26}#0
08-05 15:15:52.664 28378 28378 D ActivityThread: ActivityThread::handleMakeApplication() data=AppBindData{appInfo=ApplicationInfo{15b6a52 com.viewerapp}} appContext=android.app.ContextImpl@bbd7123 appContext.mOpPackageName=com.viewerapp appContext.mBasePackageName=com.viewerapp appContext.mPackageInfo=android.app.LoadedApk@c340620 data.restrictedBackupMode= false data.providers= [ContentProviderInfo{name=com.viewerapp.provider className=com.reactnative.ivpusic.imagepicker.IvpusicImagePickerFileProvider}, ContentProviderInfo{name=com.viewerapp.androidx-startup className=androidx.startup.InitializationProvider}, ContentProviderInfo{name=com.viewerapp.imagepickerprovider className=com.imagepicker.ImagePickerProvider}] Caller=android.app.ActivityThread.handleBindApplication:7500 android.app.ActivityThread.access$1400:301 android.app.ActivityThread$H.handleMessage:2156 android.os.Handler.dispatchMessage:106 android.os.Looper.loop:246 
08-05 15:15:52.665  4916  4964 I LauncherActivityInfo: packageName: com.viewerapp, useThemeIcon: false, height: 154, width: 154, density: 640
08-05 15:15:52.666 28378 28378 D LoadedApk: LoadedApk::makeApplication() appContext=android.app.ContextImpl@8c48bd9 appContext.mOpPackageName=com.viewerapp appContext.mBasePackageName=com.viewerapp appContext.mPackageInfo=android.app.LoadedApk@c340620
08-05 15:15:52.676  4261  4261 I Pageboost: package com.viewerapp
08-05 15:15:52.677  4261  4598 I Pageboost: Record App IO : com.viewerapp pid 28378
08-05 15:15:52.677  4261  5642 D MARsPolicyManager: onPackageResumedFG pkgName = com.viewerapp, userId = 0
08-05 15:15:52.678  4261  5642 D WindowManager: rotationForOrientation, orientationSource=ActivityRecord{362a43b u0 com.viewerapp/.MainActivity t26}
08-05 15:15:52.679  4261  5642 D WindowManager: rotationForOrientation, orientationSource=ActivityRecord{362a43b u0 com.viewerapp/.MainActivity t26}
08-05 15:15:52.680  4261  5642 D WindowManager: rotationForOrientation, orientationSource=ActivityRecord{362a43b u0 com.viewerapp/.MainActivity t26}
08-05 15:15:52.681  4261  5642 D PkgDataHelper: notifyAppCreate(), pkgName: com.viewerapp, sendRet: true
08-05 15:15:52.681  4261  4408 D GameManagerService: onLooperPrepared(), msg: MSG_APP_CREATE, pkgName: com.viewerapp
08-05 15:15:52.684  4261  4408 D GameManagerService: onLooperPrepared(), msg: MSG_TASK_FOCUSED, focusedComponent: ComponentInfo{com.viewerapp/com.viewerapp.MainActivity}
08-05 15:15:52.684  4261  4408 D GameManagerService:   handleTaskFocused(), pkgName: com.viewerapp, clsName: com.viewerapp.MainActivity, userID:0
08-05 15:15:52.684  4261  5642 D MARsPolicyManager: onPackageResumedFG pkgName = com.viewerapp, userId = 0
08-05 15:15:52.685  4261  4408 D GameManagerService:   handleResume(). pkgName: com.viewerapp, isTunableApp: null
08-05 15:15:52.685  4261  4408 D GameManagerService: notifyFocusInOut(). of pkg: com.viewerapp, type: 4, isMinimized: false, isTunableApp: false
08-05 15:15:52.739  3931  3954 I SurfaceFlinger: id=1419 createSurf (0x0),-1 flag=80004, 653b8fc Splash Screen com.viewerapp#0
08-05 15:15:52.741  4261  4637 V ActivityManager: Changed top to 10260,ProcessRecord{eed30be 28378:com.viewerapp/u0a260}
08-05 15:15:52.744  4261  4287 V WindowManager: Relayout Window{653b8fc u0 Splash Screen com.viewerapp}: viewVisibility=0 req=1080x2340
08-05 15:15:52.746  3931  3954 I SurfaceFlinger: id=1420 createSurf (1080x2340),1 flag=404, Splash Screen com.viewerapp#0
08-05 15:15:52.747  4261  4287 D WindowManager: makeSurface duration=1 name=Splash Screen com.viewerapp
08-05 15:15:52.752  4261  4284 D SehCodecSolutionService: Update top [com.viewerapp]
08-05 15:15:52.754 28378 28378 W SoLoader: Recording new base apk path: /data/app/~~MkVfhISaT0mowmHRiXhzbQ==/com.viewerapp-e1ReNuNrStgGx_Qr4bQHcQ==/base.apk
08-05 15:15:52.759 28378 28378 I SoLoader: Preparing SO source: DirectApkSoSource[root = [/data/app/~~MkVfhISaT0mowmHRiXhzbQ==/com.viewerapp-e1ReNuNrStgGx_Qr4bQHcQ==/base.apk!/lib/arm64-v8a]]
08-05 15:15:52.770  4261  4500 D PkgPredictorService: com.viewerapp go to foreground!
08-05 15:15:52.771  4261  4500 D PkgPredictorService: previous pkgs: com.viewerapp,com.viewerapp,com.viewerapp running pkg: com.viewerapp, uid: 0 is system: false
08-05 15:15:52.771  4261  4500 D PkgPredictorService-Collector:  (hour:15 day:3 previous:[com.viewerapp, com.viewerapp, com.viewerapp] activityName:unknown running:com.viewerapp userId:0 screenOrientation:0 wifi:1 bt:0 predictTime:3 apkVersion:1.0 consumeTime:-1 preloaded:false>)
08-05 15:15:52.771  4261  4500 D PkgPredictorService-NapPreloadController: User using: com.viewerapp
08-05 15:15:52.774  4261  4287 D WindowManager: finishDrawingWindow: Window{653b8fc u0 Splash Screen com.viewerapp} mDrawState=DRAW_PENDING
08-05 15:15:52.775  4261  4286 D GameManagerService: identifyGamePackage. com.viewerapp, mCurrentUserId: 0, callerUserId: 0
08-05 15:15:52.775  4261  4286 D PkgDataHelper: getGamePkgData(). com.viewerapp
08-05 15:15:52.778  4261  4286 D SemGameManager: isGamePackage(), pkgName=com.viewerapp
08-05 15:15:52.779  4261  4286 D GameManagerService: identifyGamePackage. com.viewerapp, mCurrentUserId: 0, callerUserId: 0
08-05 15:15:52.779  4261  4286 D PkgDataHelper: getGamePkgData(). com.viewerapp
08-05 15:15:52.779  4261  4286 D GameManagerService: noteResumeComponent(), received resumed-component: com.viewerapp
08-05 15:15:52.779  4261  4286 I GameSDK@LifeCycle: noteResumeComponent(): package name  : com.viewerapp
08-05 15:15:52.780  4261  4408 D GameManagerService: onLooperPrepared(), msg: MSG_APP_RESUME, resumeComponent: ComponentInfo{com.viewerapp/com.viewerapp.MainActivity}
08-05 15:15:52.780  4261  4287 D WindowManager: createAnimationAdapter(): container=Task{fac1758 #26 visible=false type=standard mode=fullscreen translucent=true A=10260:com.viewerapp U=0 StackId=26 sz=1}
08-05 15:15:52.781 28378 28378 I SoLoader: Preparing SO source: ApplicationSoSource[DirectorySoSource[root = /data/app/~~MkVfhISaT0mowmHRiXhzbQ==/com.viewerapp-e1ReNuNrStgGx_Qr4bQHcQ==/lib/arm64 flags = 0]]
08-05 15:15:52.783  4261  4287 D WindowManager: 	Add container=Task{fac1758 #26 visible=false type=standard mode=fullscreen translucent=true A=10260:com.viewerapp U=0 StackId=26 sz=1}
08-05 15:15:52.792  3931  3954 I SurfaceFlinger: id=1426 createSurf (0x0),-1 flag=80000, 7c79aca ActivityRecordInputSink com.viewerapp/.MainActivity#0
08-05 15:15:52.796  4261  4287 I WindowManager: container=Task{fac1758 #26 visible=false type=standard mode=fullscreen translucent=true A=10260:com.viewerapp U=0 StackId=26 sz=1}
08-05 15:15:52.798 28378 28378 W linker  : Warning: "/data/app/~~MkVfhISaT0mowmHRiXhzbQ==/com.viewerapp-e1ReNuNrStgGx_Qr4bQHcQ==/base.apk!/lib/arm64-v8a/libc++_shared.so" unused DT entry: unknown processor-specific (type 0x70000001 arg 0x0) (ignoring)
08-05 15:15:52.836  4261  4598 I Pageboost: memUsage collected : 5430 0 0 for com.viewerapp 28378
08-05 15:15:52.836  3931  3931 D SurfaceFlinger:      CLIENT | 0x7dc6af5480 | 0002 | RGBA_8888    |    0.0 1010.0 1080.0 2090.0 |  822 1781 1005 1964 | Splash Screen com.viewerapp#0
08-05 15:15:52.882  4261  4641 D MdnieScenarioControlService:  packageName : com.viewerapp    className : com.viewerapp.MainActivity
08-05 15:15:52.959 28378 28422 E AndroidRuntime: Process: com.viewerapp, PID: 28378
08-05 15:15:52.967  4261  7529 W ActivityManager: crash : com.viewerapp,10260
08-05 15:15:52.969  4261  7529 W ActivityTaskManager:   Force finishing activity com.viewerapp/.MainActivity
08-05 15:15:53.061  6073  6073 I SDHMS:PowerAnomaly:GATHERERAPPERROR: update AppError : uid=10260, pkg=com.viewerapp, errorType=crash
08-05 15:15:53.061  4261  4286 D GameManagerService: notePauseComponent(), received paused-component: com.viewerapp
08-05 15:15:53.069  6073  6073 I SDHMS:PowerAnomaly:ANALYZERAPPERROR: analyze app error : uid=10260, pkg=com.viewerapp, appErrorCount=3
08-05 15:15:53.249  4261  6065 I ActivityManager: Process com.viewerapp (pid 28378) has died: prcp CRE (120,808)
08-05 15:15:53.250  4261  6065 I ActivityTaskManager: Removing activity ActivityRecord{362a43b u0 com.viewerapp/.MainActivity t26 f}}(appDied)  from stack callers=com.android.server.wm.ActivityStack$RemoveHistoryRecordsForApp.processActivity:565 com.android.server.wm.ActivityStack$RemoveHistoryRecordsForApp.process:480 com.android.server.wm.ActivityStack.handleAppDied:3395 com.android.server.wm.RootWindowContainer.handleAppDied:3676 com.android.server.wm.ActivityTaskManagerService$LocalService.handleAppDied:8304 
08-05 15:15:53.276  4261  6109 E WindowManager: win=Window{653b8fc u0 Splash Screen com.viewerapp EXITING} destroySurfaces: appStopped=false win.mWindowRemovalAllowed=true win.mRemoveOnExit=true win.mViewVisibility=0 caller=com.android.server.wm.ActivityRecord.destroySurfaces:5261 com.android.server.wm.ActivityRecord.destroySurfaces:5242 com.android.server.wm.WindowState.onExitAnimationDone:5654 com.android.server.wm.-$$Lambda$01bPtngJg5AqEoOWfW3rWfV7MH4.accept:2 java.util.ArrayList.forEach:1262 com.android.server.wm.ActivityRecord.onAnimationFinished:7175 com.android.server.wm.WindowContainer.doAnimationFinished:2626 
08-05 15:15:53.276  4261  6109 I WindowManager: Destroying surface Surface(name=Splash Screen com.viewerapp)/@0x194d562 called by com.android.server.wm.WindowStateAnimator.destroySurface:1794 com.android.server.wm.WindowStateAnimator.destroySurfaceLocked:765 com.android.server.wm.WindowState.destroySurfaceUnchecked:3949 com.android.server.wm.WindowState.destroySurface:3923 com.android.server.wm.ActivityRecord.destroySurfaces:5261 com.android.server.wm.ActivityRecord.destroySurfaces:5242 com.android.server.wm.WindowState.onExitAnimationDone:5654 com.android.server.wm.-$$Lambda$01bPtngJg5AqEoOWfW3rWfV7MH4.accept:2 
08-05 15:15:53.276  3931  3954 I Layer   : id=1420 removeFromCurrentState Splash Screen com.viewerapp#0 (61)
08-05 15:15:53.279  3931  3954 I SurfaceFlinger: id=1426 Removed 7c79aca ActivityRecordInputSink com.viewerapp/.MainActivity#0 (61)
08-05 15:15:53.280  4261  6109 D WindowManager: 	container=Task{fac1758 #26 visible=false type=standard mode=fullscreen translucent=true A=10260:com.viewerapp U=0 StackId=26 sz=0}
08-05 15:15:53.282  3931  3954 I Layer   : id=1418 removeFromCurrentState ActivityRecord{362a43b u0 com.viewerapp/.MainActivity t26}#0 (61)
08-05 15:15:53.282  3931  3954 I Layer   : id=1426 removeFromCurrentState 7c79aca ActivityRecordInputSink com.viewerapp/.MainActivity#0 (61)
08-05 15:15:53.282  3931  3954 I Layer   : id=1419 removeFromCurrentState 653b8fc Splash Screen com.viewerapp#0 (61)
08-05 15:15:53.282  3931  3954 I Layer   : id=1419 removeFromCurrentState 653b8fc Splash Screen com.viewerapp#0 (61)
08-05 15:15:53.282  3931  3954 I Layer   : id=1418 removeFromCurrentState ActivityRecord{362a43b u0 com.viewerapp/.MainActivity t26}#0 (61)
08-05 15:15:53.282  3931  3954 I Layer   : id=1426 removeFromCurrentState 7c79aca ActivityRecordInputSink com.viewerapp/.MainActivity#0 (61)
08-05 15:15:53.283  3931  5801 I SurfaceFlinger: id=1419 Removed 653b8fc Splash Screen com.viewerapp#0 (61)
08-05 15:15:53.284  3931  5801 I SurfaceFlinger: id=1418 Removed ActivityRecord{362a43b u0 com.viewerapp/.MainActivity t26}#0 (61)
08-05 15:15:53.284  3931  5801 I SurfaceFlinger: id=1420 Removed Splash Screen com.viewerapp#0 (61)
08-05 15:15:53.290  3931  3931 I Layer   : id=1418[1] Destroyed ActivityRecord{362a43b u0 com.viewerapp/.MainActivity t26}#0
08-05 15:15:53.290  3931  3931 I Layer   : id=1419[1] Destroyed 653b8fc Splash Screen com.viewerapp#0
08-05 15:15:53.290  3931  3931 I Layer   : id=1426[1] Destroyed 7c79aca ActivityRecordInputSink com.viewerapp/.MainActivity#0
08-05 15:15:53.292  3931  3931 I Layer   : id=1420[1] Destroyed Splash Screen com.viewerapp#0
08-05 15:15:53.314  4261  4284 I ReentryCounter: app reentry info: app name: com.viewerapp  reentry count:1
08-05 15:15:53.414  4261  4491 W SemWifiTransportLayerUtils: getApplicationCategory - IOException com.viewerapp
08-05 15:15:53.414  4261  4491 W System.err: java.io.FileNotFoundException: https://play.google.com/store/apps/details?id=com.viewerapp&hl=en
08-05 15:15:53.473  4261  4286 W ActivityTaskManager: Activity top resumed state loss timeout for ActivityRecord{362a43b u0 com.viewerapp/.MainActivity t-1 f}}
08-05 15:15:57.726  4261  4598 I Pageboost: db update :com.viewerapp ret 1
08-05 15:20:48.662  4916  4916 W AppStartUtils: sendActiveLaunchBroadcast() v.hasOnClickListeners() : true, iconInfo : AppInfo(id=64 type=APP hidden=0 container=all_apps screen=0 rank=19 user=UserHandle{0} title=viewerapp componentName=ComponentInfo{com.viewerapp/com.viewerapp.MainActivity} screenType=0)
08-05 15:20:48.663  4261  4590 I Pageboost: start alp : com.viewerapp
08-05 15:20:48.664  4261  4598 I Pageboost: alp for : com.viewerapp , 0
08-05 15:20:48.671  4261  4286 D StorageManagerService: getExternalStorageMountMode: uid=10260 packageName=com.viewerapp
08-05 15:20:48.703  4261  5164 I ActivityTaskManager: START u0 {act=android.intent.action.MAIN cat=[android.intent.category.LAUNCHER] flg=0x10200000 cmp=com.viewerapp/.MainActivity bnds=[795,1750][1041,2113]} from uid 10138
08-05 15:20:48.704  4261  5164 D ActivityTaskManager: TaskLaunchParamsModifier:task=null activity=ActivityRecord{a096f07 u0 com.viewerapp/.MainActivity display-area-from-source=DefaultTaskDisplayArea@238031438 task-display-area=DefaultTaskDisplayArea@238031438 display-area-windowing-mode=1
08-05 15:20:48.705  4261  5164 D ActivityTaskManager: TaskLaunchParamsModifier:task=null activity=ActivityRecord{a096f07 u0 com.viewerapp/.MainActivity t-1} display-area-from-source=DefaultTaskDisplayArea@238031438 task-display-area=DefaultTaskDisplayArea@238031438 display-area-windowing-mode=1 inherit-from-source=fullscreen activity-options-fullscreen=Rect(0, 0 - 0, 0) non-freeform-display maximized-bounds
08-05 15:20:48.710  4261  4293 I ActivityManager: Start proc 28538:com.viewerapp/u0a260 for activelaunch {com.viewerapp/com.viewerapp.MainActivity}
08-05 15:20:48.711  4261  5164 D ActivityTaskManager: TaskLaunchParamsModifier:task=Task{c429834 #27 visible=false type=standard mode=fullscreen translucent=true A=10260:com.viewerapp U=0 StackId=27 sz=0} activity=ActivityRecord{a096f07 u0 com.viewerapp/.MainActivity t-1} display-from-task=0 task-display-area=DefaultTaskDisplayArea@238031438 display-area-windowing-mode=1 inherit-from-source=fullscreen activity-options-fullscreen=Rect(0, 0 - 0, 0) non-freeform-display maximized-bounds
08-05 15:20:48.713  3931  5005 I SurfaceFlinger: id=1432 createSurf (0x0),-1 flag=80004, ActivityRecord{a096f07 u0 com.viewerapp/.MainActivity t27}#0
08-05 15:20:48.719 28538 28538 E com.viewerapp: Not starting debugger since process cannot load the jdwp agent.
08-05 15:20:48.725  4261  4261 I Pageboost: package com.viewerapp
08-05 15:20:48.725  4261  4598 I Pageboost: Record App IO : com.viewerapp pid 28538
08-05 15:20:48.728  4916  4964 I AppIconSolution: getThemeIconWithBG called with public API, pkg = com.viewerapp
08-05 15:20:48.732  4261  5064 D MARsPolicyManager: onPackageResumedFG pkgName = com.viewerapp, userId = 0
08-05 15:20:48.734  4916  4964 I AppIconSolution: start to load, pkg=com.viewerapp, bg=192-192, dr=192-192, forDefault=true, density=640
08-05 15:20:48.737  4916  4964 I AppIconSolution: getIconScale, pkg=com.viewerapp, size=192, iconScale=IconScale[alpha=19, scale=1.0, isCrop=true]
08-05 15:20:48.739  3931  5005 I SurfaceFlinger: id=1433 createSurf (0x0),-1 flag=80004, f4ecc9 Splash Screen com.viewerapp#0
08-05 15:20:48.740  4261  4287 D WindowManager: rotationForOrientation, orientationSource=ActivityRecord{a096f07 u0 com.viewerapp/.MainActivity t27}
08-05 15:20:48.740  4261  4287 D WindowManager: rotationForOrientation, orientationSource=ActivityRecord{a096f07 u0 com.viewerapp/.MainActivity t27}
08-05 15:20:48.741  4916  4964 I AppIconSolution: default container[CROP], pkg=com.viewerapp, bg=154-154, dr=192-192
08-05 15:20:48.745  4261  4287 V WindowManager: Relayout Window{f4ecc9 u0 Splash Screen com.viewerapp}: viewVisibility=0 req=1080x2340
08-05 15:20:48.747  3931  5005 I SurfaceFlinger: id=1434 createSurf (1080x2340),1 flag=404, Splash Screen com.viewerapp#0
08-05 15:20:48.748  4261  4287 D WindowManager: makeSurface duration=1 name=Splash Screen com.viewerapp
08-05 15:20:48.750  4261  4287 D WindowManager: rotationForOrientation, orientationSource=ActivityRecord{a096f07 u0 com.viewerapp/.MainActivity t27}
08-05 15:20:48.751  4916  4964 I LauncherActivityInfo: packageName: com.viewerapp, useThemeIcon: false, height: 154, width: 154, density: 640
08-05 15:20:48.769  4261  4287 D WindowManager: finishDrawingWindow: Window{f4ecc9 u0 Splash Screen com.viewerapp} mDrawState=DRAW_PENDING
08-05 15:20:48.793  4261  4922 I ActivityManager: DSS OFF for com.viewerapp
08-05 15:20:48.795  4261  4922 D ActivityManager: attachApplicationLocked() app=ProcessRecord{8304b88 28538:com.viewerapp/u0a260} app.isolatedEntryPoint=null instr2=null
08-05 15:20:48.796  4261  4922 D WindowManager: rotationForOrientation, orientationSource=ActivityRecord{a096f07 u0 com.viewerapp/.MainActivity t27}
08-05 15:20:48.797  4261  4922 D WindowManager: rotationForOrientation, orientationSource=ActivityRecord{a096f07 u0 com.viewerapp/.MainActivity t27}
08-05 15:20:48.798  4261  4922 D WindowManager: rotationForOrientation, orientationSource=ActivityRecord{a096f07 u0 com.viewerapp/.MainActivity t27}
08-05 15:20:48.799  4261  4922 D PkgDataHelper: notifyAppCreate(), pkgName: com.viewerapp, sendRet: true
08-05 15:20:48.799  4261  4408 D GameManagerService: onLooperPrepared(), msg: MSG_APP_CREATE, pkgName: com.viewerapp
08-05 15:20:48.800  4261  4408 D GameManagerService: onLooperPrepared(), msg: MSG_TASK_FOCUSED, focusedComponent: ComponentInfo{com.viewerapp/com.viewerapp.MainActivity}
08-05 15:20:48.801  4261  4408 D GameManagerService:   handleTaskFocused(), pkgName: com.viewerapp, clsName: com.viewerapp.MainActivity, userID:0
08-05 15:20:48.801  4261  4922 D MARsPolicyManager: onPackageResumedFG pkgName = com.viewerapp, userId = 0
08-05 15:20:48.801  4261  4408 D GameManagerService:   handleResume(). pkgName: com.viewerapp, isTunableApp: null
08-05 15:20:48.801  4261  4408 D GameManagerService: notifyFocusInOut(). of pkg: com.viewerapp, type: 4, isMinimized: false, isTunableApp: false
08-05 15:20:48.804 28538 28538 D ActivityThread: handleBindApplication()++ app=com.viewerapp
08-05 15:20:48.806  4261  4287 D WindowManager: createAnimationAdapter(): container=Task{c429834 #27 visible=false type=standard mode=fullscreen translucent=true A=10260:com.viewerapp U=0 StackId=27 sz=1}
08-05 15:20:48.809  4261  4287 D WindowManager: 	Add container=Task{c429834 #27 visible=false type=standard mode=fullscreen translucent=true A=10260:com.viewerapp U=0 StackId=27 sz=1}
08-05 15:20:48.816  3931  5005 I SurfaceFlinger: id=1440 createSurf (0x0),-1 flag=80000, 92ae146 ActivityRecordInputSink com.viewerapp/.MainActivity#0
08-05 15:20:48.819  4261  4287 I WindowManager: container=Task{c429834 #27 visible=false type=standard mode=fullscreen translucent=true A=10260:com.viewerapp U=0 StackId=27 sz=1}
08-05 15:20:48.820  4261  4286 V ActivityManager: Changed top to 10260,ProcessRecord{8304b88 28538:com.viewerapp/u0a260}
08-05 15:20:48.832 28538 28538 D ActivityThread: ActivityThread::handleMakeApplication() data=AppBindData{appInfo=ApplicationInfo{15b6a52 com.viewerapp}} appContext=android.app.ContextImpl@bbd7123 appContext.mOpPackageName=com.viewerapp appContext.mBasePackageName=com.viewerapp appContext.mPackageInfo=android.app.LoadedApk@c340620 data.restrictedBackupMode= false data.providers= [ContentProviderInfo{name=com.viewerapp.provider className=com.reactnative.ivpusic.imagepicker.IvpusicImagePickerFileProvider}, ContentProviderInfo{name=com.viewerapp.androidx-startup className=androidx.startup.InitializationProvider}, ContentProviderInfo{name=com.viewerapp.imagepickerprovider className=com.imagepicker.ImagePickerProvider}] Caller=android.app.ActivityThread.handleBindApplication:7500 android.app.ActivityThread.access$1400:301 android.app.ActivityThread$H.handleMessage:2156 android.os.Handler.dispatchMessage:106 android.os.Looper.loop:246 
08-05 15:20:48.833 28538 28538 D LoadedApk: LoadedApk::makeApplication() appContext=android.app.ContextImpl@8c48bd9 appContext.mOpPackageName=com.viewerapp appContext.mBasePackageName=com.viewerapp appContext.mPackageInfo=android.app.LoadedApk@c340620
08-05 15:20:48.847  4261  4286 D GameManagerService: identifyGamePackage. com.viewerapp, mCurrentUserId: 0, callerUserId: 0
08-05 15:20:48.847  4261  4286 D PkgDataHelper: getGamePkgData(). com.viewerapp
08-05 15:20:48.849  4261  4286 D SemGameManager: isGamePackage(), pkgName=com.viewerapp
08-05 15:20:48.849  4261  4286 D GameManagerService: identifyGamePackage. com.viewerapp, mCurrentUserId: 0, callerUserId: 0
08-05 15:20:48.849  4261  4286 D PkgDataHelper: getGamePkgData(). com.viewerapp
08-05 15:20:48.849  4261  4286 D GameManagerService: noteResumeComponent(), received resumed-component: com.viewerapp
08-05 15:20:48.850  4261  4286 I GameSDK@LifeCycle: noteResumeComponent(): package name  : com.viewerapp
08-05 15:20:48.850  4261  4408 D GameManagerService: onLooperPrepared(), msg: MSG_APP_RESUME, resumeComponent: ComponentInfo{com.viewerapp/com.viewerapp.MainActivity}
08-05 15:20:48.853  4261  4284 D SehCodecSolutionService: Update top [com.viewerapp]
08-05 15:20:48.857 28538 28538 W SoLoader: Recording new base apk path: /data/app/~~MkVfhISaT0mowmHRiXhzbQ==/com.viewerapp-e1ReNuNrStgGx_Qr4bQHcQ==/base.apk
08-05 15:20:48.859  4261  4500 D PkgPredictorService: com.viewerapp go to foreground!
08-05 15:20:48.859 28538 28538 I SoLoader: Preparing SO source: DirectApkSoSource[root = [/data/app/~~MkVfhISaT0mowmHRiXhzbQ==/com.viewerapp-e1ReNuNrStgGx_Qr4bQHcQ==/base.apk!/lib/arm64-v8a]]
08-05 15:20:48.860  4261  4500 D PkgPredictorService: previous pkgs: com.viewerapp,com.viewerapp,com.viewerapp running pkg: com.viewerapp, uid: 0 is system: false
08-05 15:20:48.860  4261  4500 D PkgPredictorService-Collector:  (hour:15 day:3 previous:[com.viewerapp, com.viewerapp, com.viewerapp] activityName:unknown running:com.viewerapp userId:0 screenOrientation:0 wifi:1 bt:0 predictTime:4 apkVersion:1.0 consumeTime:-1 preloaded:false>)
08-05 15:20:48.860  4261  4500 D PkgPredictorService-NapPreloadController: User using: com.viewerapp
08-05 15:20:48.868 28538 28538 I SoLoader: Preparing SO source: ApplicationSoSource[DirectorySoSource[root = /data/app/~~MkVfhISaT0mowmHRiXhzbQ==/com.viewerapp-e1ReNuNrStgGx_Qr4bQHcQ==/lib/arm64 flags = 0]]
08-05 15:20:48.879 28538 28538 W linker  : Warning: "/data/app/~~MkVfhISaT0mowmHRiXhzbQ==/com.viewerapp-e1ReNuNrStgGx_Qr4bQHcQ==/base.apk!/lib/arm64-v8a/libc++_shared.so" unused DT entry: unknown processor-specific (type 0x70000001 arg 0x0) (ignoring)
08-05 15:20:48.882  3931  3931 D SurfaceFlinger:      CLIENT | 0x7dc6af4580 | 0002 | RGBA_8888    |    0.0 1010.0 1080.0 2090.0 |  822 1781 1005 1964 | Splash Screen com.viewerapp#0
08-05 15:20:48.984  4261  4641 D MdnieScenarioControlService:  packageName : com.viewerapp    className : com.viewerapp.MainActivity
08-05 15:20:49.010 28538 28598 E AndroidRuntime: Process: com.viewerapp, PID: 28538
08-05 15:20:49.017  4261  5064 W ActivityManager: crash : com.viewerapp,10260
08-05 15:20:49.019  4261  5064 W ActivityTaskManager:   Force finishing activity com.viewerapp/.MainActivity
08-05 15:20:49.081  6073  6073 I SDHMS:PowerAnomaly:GATHERERAPPERROR: update AppError : uid=10260, pkg=com.viewerapp, errorType=crash
08-05 15:20:49.095  6073  6073 I SDHMS:PowerAnomaly:ANALYZERAPPERROR: analyze app error : uid=10260, pkg=com.viewerapp, appErrorCount=4
08-05 15:20:49.108  4261  4286 D GameManagerService: notePauseComponent(), received paused-component: com.viewerapp
08-05 15:20:49.118  4261  5642 I ActivityManager: Process com.viewerapp (pid 28538) has died: prcp CRE (199,810)
08-05 15:20:49.119  4261  5642 I ActivityTaskManager: Removing activity ActivityRecord{a096f07 u0 com.viewerapp/.MainActivity t27 f}}(appDied)  from stack callers=com.android.server.wm.ActivityStack$RemoveHistoryRecordsForApp.processActivity:565 com.android.server.wm.ActivityStack$RemoveHistoryRecordsForApp.process:480 com.android.server.wm.ActivityStack.handleAppDied:3395 com.android.server.wm.RootWindowContainer.handleAppDied:3676 com.android.server.wm.ActivityTaskManagerService$LocalService.handleAppDied:8304 
08-05 15:20:49.149  4261  4284 I ReentryCounter: app reentry info: app name: com.viewerapp  reentry count:1
08-05 15:20:49.160  4261  5642 E WindowManager: win=Window{f4ecc9 u0 Splash Screen com.viewerapp EXITING} destroySurfaces: appStopped=false win.mWindowRemovalAllowed=true win.mRemoveOnExit=true win.mViewVisibility=0 caller=com.android.server.wm.ActivityRecord.destroySurfaces:5261 com.android.server.wm.ActivityRecord.destroySurfaces:5242 com.android.server.wm.WindowState.onExitAnimationDone:5654 com.android.server.wm.-$$Lambda$01bPtngJg5AqEoOWfW3rWfV7MH4.accept:2 java.util.ArrayList.forEach:1262 com.android.server.wm.ActivityRecord.onAnimationFinished:7175 com.android.server.wm.WindowContainer.doAnimationFinished:2626 
08-05 15:20:49.161  4261  5642 I WindowManager: Destroying surface Surface(name=Splash Screen com.viewerapp)/@0xcaac59f called by com.android.server.wm.WindowStateAnimator.destroySurface:1794 com.android.server.wm.WindowStateAnimator.destroySurfaceLocked:765 com.android.server.wm.WindowState.destroySurfaceUnchecked:3949 com.android.server.wm.WindowState.destroySurface:3923 com.android.server.wm.ActivityRecord.destroySurfaces:5261 com.android.server.wm.ActivityRecord.destroySurfaces:5242 com.android.server.wm.WindowState.onExitAnimationDone:5654 com.android.server.wm.-$$Lambda$01bPtngJg5AqEoOWfW3rWfV7MH4.accept:2 
08-05 15:20:49.161  3931  5005 I Layer   : id=1434 removeFromCurrentState Splash Screen com.viewerapp#0 (61)
08-05 15:20:49.163  3931  5005 I SurfaceFlinger: id=1440 Removed 92ae146 ActivityRecordInputSink com.viewerapp/.MainActivity#0 (61)
08-05 15:20:49.165  4261  5642 D WindowManager: 	container=Task{c429834 #27 visible=false type=standard mode=fullscreen translucent=true A=10260:com.viewerapp U=0 StackId=27 sz=0}
08-05 15:20:49.167  3931  5005 I Layer   : id=1432 removeFromCurrentState ActivityRecord{a096f07 u0 com.viewerapp/.MainActivity t27}#0 (61)
08-05 15:20:49.167  3931  5005 I Layer   : id=1440 removeFromCurrentState 92ae146 ActivityRecordInputSink com.viewerapp/.MainActivity#0 (61)
08-05 15:20:49.167  3931  5005 I Layer   : id=1433 removeFromCurrentState f4ecc9 Splash Screen com.viewerapp#0 (61)
08-05 15:20:49.167  3931  5005 I Layer   : id=1433 removeFromCurrentState f4ecc9 Splash Screen com.viewerapp#0 (61)
08-05 15:20:49.167  3931  5005 I Layer   : id=1432 removeFromCurrentState ActivityRecord{a096f07 u0 com.viewerapp/.MainActivity t27}#0 (61)
08-05 15:20:49.167  3931  5005 I Layer   : id=1440 removeFromCurrentState 92ae146 ActivityRecordInputSink com.viewerapp/.MainActivity#0 (61)
08-05 15:20:49.168  3931  5005 I SurfaceFlinger: id=1433 Removed f4ecc9 Splash Screen com.viewerapp#0 (61)
08-05 15:20:49.168  3931  5005 I SurfaceFlinger: id=1434 Removed Splash Screen com.viewerapp#0 (61)
08-05 15:20:49.168  3931  5005 I SurfaceFlinger: id=1432 Removed ActivityRecord{a096f07 u0 com.viewerapp/.MainActivity t27}#0 (61)
08-05 15:20:49.172  3931  3931 I Layer   : id=1433[1] Destroyed f4ecc9 Splash Screen com.viewerapp#0
08-05 15:20:49.172  3931  3931 I Layer   : id=1432[1] Destroyed ActivityRecord{a096f07 u0 com.viewerapp/.MainActivity t27}#0
08-05 15:20:49.172  3931  3931 I Layer   : id=1440[1] Destroyed 92ae146 ActivityRecordInputSink com.viewerapp/.MainActivity#0
08-05 15:20:49.177  3931  3931 I Layer   : id=1434[1] Destroyed Splash Screen com.viewerapp#0
08-05 15:20:49.522  4261  4286 W ActivityTaskManager: Activity top resumed state loss timeout for ActivityRecord{a096f07 u0 com.viewerapp/.MainActivity t-1 f}}
08-05 15:20:53.781  4261  4598 I Pageboost: db update :com.viewerapp ret 1
08-05 15:22:47.439  4916  4916 W AppStartUtils: sendActiveLaunchBroadcast() v.hasOnClickListeners() : true, iconInfo : AppInfo(id=64 type=APP hidden=0 container=all_apps screen=0 rank=19 user=UserHandle{0} title=viewerapp componentName=ComponentInfo{com.viewerapp/com.viewerapp.MainActivity} screenType=0)
08-05 15:22:47.441  4261  4590 I Pageboost: start alp : com.viewerapp
08-05 15:22:47.441  4261  4598 I Pageboost: alp for : com.viewerapp , 0
08-05 15:22:47.447  4261  4286 D StorageManagerService: getExternalStorageMountMode: uid=10260 packageName=com.viewerapp
08-05 15:22:47.472  4261  4293 I ActivityManager: Start proc 28643:com.viewerapp/u0a260 for activelaunch {com.viewerapp/com.viewerapp.MainActivity}
08-05 15:22:47.492 28643 28643 E com.viewerapp: Not starting debugger since process cannot load the jdwp agent.
08-05 15:22:47.508  4261  6035 I ActivityManager: DSS OFF for com.viewerapp
08-05 15:22:47.510  4261  6035 D ActivityManager: attachApplicationLocked() app=ProcessRecord{7df2eb2 28643:com.viewerapp/u0a260} app.isolatedEntryPoint=null instr2=null
08-05 15:22:47.516 28643 28643 D ActivityThread: handleBindApplication()++ app=com.viewerapp
08-05 15:22:47.541 28643 28643 D ActivityThread: ActivityThread::handleMakeApplication() data=AppBindData{appInfo=ApplicationInfo{15b6a52 com.viewerapp}} appContext=android.app.ContextImpl@bbd7123 appContext.mOpPackageName=com.viewerapp appContext.mBasePackageName=com.viewerapp appContext.mPackageInfo=android.app.LoadedApk@c340620 data.restrictedBackupMode= false data.providers= [ContentProviderInfo{name=com.viewerapp.provider className=com.reactnative.ivpusic.imagepicker.IvpusicImagePickerFileProvider}, ContentProviderInfo{name=com.viewerapp.androidx-startup className=androidx.startup.InitializationProvider}, ContentProviderInfo{name=com.viewerapp.imagepickerprovider className=com.imagepicker.ImagePickerProvider}] Caller=android.app.ActivityThread.handleBindApplication:7500 android.app.ActivityThread.access$1400:301 android.app.ActivityThread$H.handleMessage:2156 android.os.Handler.dispatchMessage:106 android.os.Looper.loop:246 
08-05 15:22:47.542 28643 28643 D LoadedApk: LoadedApk::makeApplication() appContext=android.app.ContextImpl@8c48bd9 appContext.mOpPackageName=com.viewerapp appContext.mBasePackageName=com.viewerapp appContext.mPackageInfo=android.app.LoadedApk@c340620
08-05 15:22:47.560  4261  6035 I ActivityTaskManager: START u0 {act=android.intent.action.MAIN cat=[android.intent.category.LAUNCHER] flg=0x10200000 cmp=com.viewerapp/.MainActivity bnds=[795,1750][1041,2113]} from uid 10138
08-05 15:22:47.561  4261  6035 D ActivityTaskManager: TaskLaunchParamsModifier:task=null activity=ActivityRecord{a0a05ac u0 com.viewerapp/.MainActivity display-area-from-source=DefaultTaskDisplayArea@238031438 task-display-area=DefaultTaskDisplayArea@238031438 display-area-windowing-mode=1
08-05 15:22:47.561  4261  6035 D ActivityTaskManager: TaskLaunchParamsModifier:task=null activity=ActivityRecord{a0a05ac u0 com.viewerapp/.MainActivity t-1} display-area-from-source=DefaultTaskDisplayArea@238031438 task-display-area=DefaultTaskDisplayArea@238031438 display-area-windowing-mode=1 inherit-from-source=fullscreen activity-options-fullscreen=Rect(0, 0 - 0, 0) non-freeform-display maximized-bounds
08-05 15:22:47.566  4916  4964 I AppIconSolution: getThemeIconWithBG called with public API, pkg = com.viewerapp
08-05 15:22:47.566  4261  6035 D ActivityTaskManager: TaskLaunchParamsModifier:task=Task{3070275 #28 visible=false type=standard mode=fullscreen translucent=true A=10260:com.viewerapp U=0 StackId=28 sz=0} activity=ActivityRecord{a0a05ac u0 com.viewerapp/.MainActivity t-1} display-from-task=0 task-display-area=DefaultTaskDisplayArea@238031438 display-area-windowing-mode=1 inherit-from-source=fullscreen activity-options-fullscreen=Rect(0, 0 - 0, 0) non-freeform-display maximized-bounds
08-05 15:22:47.567  3931  3954 I SurfaceFlinger: id=1446 createSurf (0x0),-1 flag=80004, ActivityRecord{a0a05ac u0 com.viewerapp/.MainActivity t28}#0
08-05 15:22:47.567  4916  4964 I AppIconSolution: start to load, pkg=com.viewerapp, bg=192-192, dr=192-192, forDefault=true, density=640
08-05 15:22:47.568  4916  4964 I AppIconSolution: getIconScale, pkg=com.viewerapp, size=192, iconScale=IconScale[alpha=19, scale=1.0, isCrop=true]
08-05 15:22:47.573  4916  4964 I AppIconSolution: default container[CROP], pkg=com.viewerapp, bg=154-154, dr=192-192
08-05 15:22:47.579  4916  4964 I LauncherActivityInfo: packageName: com.viewerapp, useThemeIcon: false, height: 154, width: 154, density: 640
08-05 15:22:47.587  4261  5064 D MARsPolicyManager: onPackageResumedFG pkgName = com.viewerapp, userId = 0
08-05 15:22:47.613  4261  5064 D WindowManager: rotationForOrientation, orientationSource=ActivityRecord{a0a05ac u0 com.viewerapp/.MainActivity t28}
