08-05 15:15:26.939  4261  4361 I PackageManager:           pkg{com.viewerapp}
08-05 15:15:27.350 27536 27536 I GOS:GameServiceReceiver:  PkgInstallStarted for com.viewerapp UserID : 0
08-05 15:15:27.577 27536 27577 I GOS:GameIntentService: onHandleIntent(). changeType(INSTALL_STARTED), packageName(com.viewerapp), UserHandle(0), Installed(false)
08-05 15:15:27.596 27536 27577 W GOS:PackageUtil: isVrApp(). PackageManager.NameNotFoundException: com.viewerapp
08-05 15:15:28.094 27530 27530 I Finsky  : [2] VerifyApps: Install-time verification requested for package com.viewerapp, PackageManager id = 28, Verifier id = 14acaab4-3a66-4407-bfa8-445458cd446e
08-05 15:15:28.229 27536 27577 I GOS:NetworkConnector: getSingleCategoryResponse(), request: PRD/v4/packages/com.viewerapp, v4PkgResponse: {"pkg_name":"com.viewerapp", "pkg_type":"unknown"}
08-05 15:15:28.253 27536 27577 I GOS:SystemEventReactor: addPkgDataFromServer(), A package was added : com.viewerapp as unknown
08-05 15:15:28.843 27530 27601 I Finsky  : [8461] VerifyApps: Anti-malware verification task started for package=com.viewerapp
08-05 15:15:30.195 27530 27606 I Finsky  : [8466] VerifyApps: Starting APK Analysis scan for com.viewerapp.
08-05 15:15:30.198 27530 27606 I Finsky  : [8466] Scanning package com.viewerapp contents with client side protections. File: [tVSMD8xoJGvCiS3K32OtOdbjKTNmwWVY0vU9zDgg404]
08-05 15:15:30.207 27530 27606 I Finsky  : [8466] VerifyApps: APK Analysis scan finished for com.viewerapp. Verdict: SAFE
08-05 15:15:30.879 27530 27584 I Finsky  : [8446] VerifyApps: Verification package=com.viewerapp, id=28, response=0, upload_requested=false, run_post_install=false
08-05 15:15:30.882 27530 27584 I Finsky  : [8446] VerifyApps: PAM result saving to datastore delayed for package: com.viewerapp
08-05 15:15:30.889 27530 27601 I Finsky  : [8461] VerifyApps: Starting required split types check for com.viewerapp.
08-05 15:15:30.899 27530 27601 I Finsky  : [8461] VerifyApps: Required split types check successful for com.viewerapp.
08-05 15:15:30.919 27530 27530 I Finsky  : [2] VerifyApps: Install-time verification complete: id=28, package_name=com.viewerapp
08-05 15:15:31.398 27793 27793 I ApkToolkit: <FIVE>: Enter ApkSigner APK: 3 com.viewerapp/base.apk
08-05 15:15:31.924  6151 16750 I MediaProvider: Invalidating LocalCallingIdentity cache for package com.viewerapp. Reason: op android:read_external_storage
08-05 15:15:31.925  6151 16750 I MediaProvider: Invalidating LocalCallingIdentity cache for package com.viewerapp. Reason: op android:read_external_storage
08-05 15:15:31.986  4261  4322 I PackageDexOptimizer: Running dexopt (dexoptNeeded=1) on: /data/app/~~MkVfhISaT0mowmHRiXhzbQ==/com.viewerapp-e1ReNuNrStgGx_Qr4bQHcQ==/base.apk pkg=com.viewerapp isa=arm64 dexoptFlags=boot_complete,profile_guided,public,enable_hidden_api_checks targetFilter=speed-profile oatDir=/data/app/~~MkVfhISaT0mowmHRiXhzbQ==/com.viewerapp-e1ReNuNrStgGx_Qr4bQHcQ==/oat classLoaderContext=PCL[]{} dexMetadataPath=null async=false
08-05 15:15:31.995  3989  4561 V installd: DexInv: --- BEGIN '/data/app/~~MkVfhISaT0mowmHRiXhzbQ==/com.viewerapp-e1ReNuNrStgGx_Qr4bQHcQ==/base.apk' ---
08-05 15:15:32.202 27813 27813 I dex2oat32: /apex/com.android.art/bin/dex2oat32 --input-vdex-fd=-1 --output-vdex-fd=10 --updatable-bcp-packages-file=/system/etc/updatable-bcp-packages.txt --resolve-startup-const-strings=true --max-image-block-size=524288 --compiler-filter=speed-profile -j6 --classpath-dir=/data/app/~~MkVfhISaT0mowmHRiXhzbQ==/com.viewerapp-e1ReNuNrStgGx_Qr4bQHcQ== --class-loader-context=PCL[]{} --generate-mini-debug-info --compact-dex-level=none --compilation-reason=install
08-05 15:15:33.419 27813 27813 I ApkToolkit: <FIVE>: Enter ProvisionOat APK: 12 com.viewerapp/base.apk
08-05 15:15:33.419 27813 27813 I ApkToolkit: <FIVE>: Enter ProvisionOat OAT: 9 com.viewerapp/oat/arm64/base.odex
08-05 15:15:33.419 27813 27813 I ApkToolkit: <FIVE>: Enter ProvisionOat VDEX: 10 com.viewerapp/oat/arm64/base.vdex
08-05 15:15:33.433  3989  4561 V installd: DexInv: --- END '/data/app/~~MkVfhISaT0mowmHRiXhzbQ==/com.viewerapp-e1ReNuNrStgGx_Qr4bQHcQ==/base.apk' (success) ---
08-05 15:15:33.482  4261  4322 D MultiUserInstallPolicy: applyInstallPolicyPackageInternalLPw : com.viewerapp
08-05 15:15:33.488  4261  4322 D MultiUserInstallPolicy: installedOrEnabledPackage : com.viewerapp
08-05 15:15:33.511  6151  6151 I MediaProvider: Invalidating LocalCallingIdentity cache for package com.viewerapp. Reason: package android.intent.action.PACKAGE_ADDED
08-05 15:15:33.539  5046  5046 D RegisteredServicesCache: com.viewerapp is not related HCE package
08-05 15:15:33.553  4261  4283 D OverlayManager: updateAssets -> not for themes [com.viewerapp] avoidRelaunch false
08-05 15:15:33.555  4261  4261 D SemGameManager: isGamePackage(), pkgName=com.viewerapp
08-05 15:15:33.556  4261  4261 D GameManagerService: identifyGamePackage. com.viewerapp, mCurrentUserId: 0, callerUserId: 0
08-05 15:15:33.556  4261  4261 D PkgDataHelper: getGamePkgData(). com.viewerapp
08-05 15:15:33.563  4614  4614 D FaceWidgetMetadataParser: updatePackage() com.viewerapp true
08-05 15:15:33.568  4261  4491 D SemGameManager: isGamePackage(), pkgName=com.viewerapp
08-05 15:15:33.571  4261  4292 W BroadcastQueue: Background execution not allowed: receiving Intent { act=android.intent.action.PACKAGE_ADDED dat=package:com.viewerapp flg=0x4000010 (has extras) } to com.google.android.packageinstaller/com.android.packageinstaller.PackageInstalledReceiver
08-05 15:15:33.572  4261  4491 D GameManagerService: identifyGamePackage. com.viewerapp, mCurrentUserId: 0, callerUserId: 0
08-05 15:15:33.572  4261  4491 D PkgDataHelper: getGamePkgData(). com.viewerapp
08-05 15:15:33.573  4614  4614 D FaceWidgetMetadataParser: removePackage() key = com.viewerapp
08-05 15:15:33.575  5674  5738 I PackageInfoManager_FLP: action : ACTION_PACKAGE_ADDED, packageName = com.viewerapp
08-05 15:15:33.575  4261  4500 D PkgPredictorService-MultiUserPkgManager: user=0  uid=10260 onPackageStatusChange com.viewerapp action=android.intent.action.PACKAGE_ADDED
08-05 15:15:33.616  5674  5738 I PackageInfoManager_FLP: handled onPackageAdded for com.viewerapp(DENY)
08-05 15:15:33.638  4261  4292 W BroadcastQueue: Background execution not allowed: receiving Intent { act=android.intent.action.PACKAGE_ADDED dat=package:com.viewerapp flg=0x4000010 (has extras) } to com.android.vending/com.google.android.finsky.packagemonitor.impl.PackageMonitorReceiverImpl$RegisteredReceiver
08-05 15:15:33.639  4261  4292 W BroadcastQueue: Background execution not allowed: receiving Intent { act=android.intent.action.PACKAGE_ADDED dat=package:com.viewerapp flg=0x4000010 (has extras) } to com.android.vending/com.google.android.finsky.packagemonitor.backgroundimpl.BackgroundPackageMonitorReceiverImpl$RegisteredReceiver
08-05 15:15:33.640  4261  4292 W BroadcastQueue: Background execution not allowed: receiving Intent { act=android.intent.action.PACKAGE_ADDED dat=package:com.viewerapp flg=0x4000010 (has extras) } to com.facebook.appmanager/com.facebook.oxygen.common.packages.event.manifest.ManifestPackageEventReceiver
08-05 15:15:33.640  4261  4292 W BroadcastQueue: Background execution not allowed: receiving Intent { act=android.intent.action.PACKAGE_ADDED dat=package:com.viewerapp flg=0x4000010 (has extras) } to com.google.android.gms/.chimera.GmsIntentOperationService$PersistentTrustedReceiver
08-05 15:15:33.641  4261  4292 W BroadcastQueue: Background execution not allowed: receiving Intent { act=android.intent.action.PACKAGE_ADDED dat=package:com.viewerapp flg=0x4000010 (has extras) } to com.google.android.gms/.games.chimera.GamesSystemBroadcastReceiverProxy
08-05 15:15:33.641  4261  4292 W BroadcastQueue: Background execution not allowed: receiving Intent { act=android.intent.action.PACKAGE_ADDED dat=package:com.viewerapp flg=0x4000010 (has extras) } to com.google.android.gms/.gass.chimera.PackageChangeBroadcastReceiver
08-05 15:15:33.655  4261  4292 W BroadcastQueue: Background execution not allowed: receiving Intent { act=android.intent.action.PACKAGE_ADDED dat=package:com.viewerapp flg=0x4000010 (has extras) } to com.samsung.android.app.taskedge/.edgepanel.TaskEdgePanelProvider
08-05 15:15:33.679  4261  4292 W BroadcastQueue: Background execution not allowed: receiving Intent { act=android.intent.action.PACKAGE_ADDED dat=package:com.viewerapp flg=0x4000010 (has extras) } to com.samsung.android.localeoverlaymanager/.PackageAddedReceiver
08-05 15:15:33.680  4261  4292 W BroadcastQueue: Background execution not allowed: receiving Intent { act=android.intent.action.PACKAGE_ADDED dat=package:com.viewerapp flg=0x4000010 (has extras) } to com.samsung.android.sm.devicesecurity/.PackageReceiver
08-05 15:15:33.685  4261  4292 W BroadcastQueue: Background execution not allowed: receiving Intent { act=android.intent.action.PACKAGE_ADDED dat=package:com.viewerapp flg=0x4000010 (has extras) } to com.sec.android.app.safetyassurance/.emergencyreporthelper.EmergencyReportStartMonitorReceiver
08-05 15:15:33.689  4261  4292 W BroadcastQueue: Background execution not allowed: receiving Intent { act=android.intent.action.PACKAGE_ADDED dat=package:com.viewerapp flg=0x4000010 (has extras) } to com.sec.android.app.samsungapps/.receiver.PackageAddedReceiver
08-05 15:15:33.739  4261  4261 I Telecom:SamsungCommonPolicyPackageBroadcastReceiver: action : android.intent.action.PACKAGE_ADDED / packageName : com.viewerapp
08-05 15:15:33.748  4261  4598 D SemGameManager: isGamePackage(), pkgName=com.viewerapp
08-05 15:15:33.750  4261  4598 D GameManagerService: identifyGamePackage. com.viewerapp, mCurrentUserId: 0, callerUserId: 0
08-05 15:15:33.750  4261  4598 D PkgDataHelper: getGamePkgData(). com.viewerapp
08-05 15:15:33.750  4261  4598 I Pageboost: appinfo : com.viewerapp 0 0 0 0
08-05 15:15:33.751  4261  4598 D SemGameManager: isGamePackage(), pkgName=com.viewerapp
08-05 15:15:33.752  4261  4598 D GameManagerService: identifyGamePackage. com.viewerapp, mCurrentUserId: 0, callerUserId: 0
08-05 15:15:33.752  4261  4598 D PkgDataHelper: getGamePkgData(). com.viewerapp
08-05 15:15:33.849  4261  4598 I Pageboost: Reset this app info : com.viewerapp 
08-05 15:15:33.884  4261  4598 I Pageboost: add app to global @ runtime: com.viewerapp
08-05 15:15:33.947  4592  4592 I VvmPkgInstalledRcvr: onReceive() : action android.intent.action.PACKAGE_ADDED packageName :com.viewerapp
08-05 15:15:33.971 27530 27530 I Finsky  : [2] AIM: AppInfoCacheUpdater -> invalidating apps: [com.viewerapp]
08-05 15:15:34.026  5046  5046 D RegisteredServicesCache: com.viewerapp is not related HCE package
08-05 15:15:34.032  4592  4592 D ImsResolver: maybeAddedImsService, packageName: com.viewerapp
08-05 15:15:34.055  4614  4614 D FaceWidgetMetadataParser: updatePackage() com.viewerapp false
08-05 15:15:34.079  4614  4614 D FaceWidgetMetadataParser: removePackage() key = com.viewerapp
08-05 15:15:34.120 27530 27593 I Finsky  : [8455] AIM: AppInfoManager-Perf > OnDeviceAppInfo > cacheHitCount=0, cacheMissCount=1. Missed  in cache (limit 10) : [com.viewerapp]
08-05 15:15:34.203  5408 27878 W GCM     : Unexpected forwarded intent: Intent { act=android.intent.action.PACKAGE_ADDED dat=package:com.viewerapp flg=0x4000010 pkg=com.google.android.gms cmp=com.google.android.gms/.chimera.PersistentIntentOperationService (has extras) }
08-05 15:15:34.225  5408 27898 W NetworkScheduler: Unexpected forwarded intent: Intent { act=android.intent.action.PACKAGE_ADDED dat=package:com.viewerapp flg=0x4000010 pkg=com.google.android.gms cmp=com.google.android.gms/.chimera.PersistentIntentOperationService (has extras) }
08-05 15:15:34.233  4592  4592 D ImsResolver: maybeAddedImsService, packageName: com.viewerapp
08-05 15:15:34.427  4261  4491 W SemWifiTransportLayerUtils: getApplicationCategory - IOException com.viewerapp
08-05 15:15:34.427  4261  4491 W System.err: java.io.FileNotFoundException: https://play.google.com/store/apps/details?id=com.viewerapp&hl=en
08-05 15:15:34.750  4261  4636 W BroadcastQueue: Background execution not allowed: receiving Intent { act=android.intent.action.PACKAGE_ADDED dat=package:com.viewerapp flg=0x4000010 (has extras) } to com.sec.imsservice/com.sec.internal.ims.imsservice.ImsIntentReceiver
08-05 15:15:35.879 27934 27934 D EdgeLightingReceiver: com.samsung.android.app.edgelighting.PACKAGE_ADDED com.viewerapp
08-05 15:15:36.339 27934 27934 D EdgeLightingSettingManager: addSilentInstalledPackage : on, packageName = com.viewerapp
08-05 15:15:36.672 27965 27965 I FILP/PackageIntentReceiver: pkgName : com.viewerapp
08-05 15:15:36.842  4261  4291 D LauncherAppsService: Callback onPackageAdded: com.viewerapp, userId: 0, listener: android
08-05 15:15:36.844  4261  4261 I GameManagerService: PkgInstallListener, onPackageAdded : com.viewerapp userHandle : UserHandle{0} userID : 0
08-05 15:15:36.845  4261  4409 D GameManagerService:GosNotifyThread: notifyPackageChangedToGos(), before send intent to GOS. type:15, changeType: 0, packageName:com.viewerapp
08-05 15:15:36.857  4261  4291 D LauncherAppsService: Callback onPackageAdded: com.viewerapp, userId: 0, listener: com.android.systemui
08-05 15:15:36.858  4261  4291 D LauncherAppsService: Callback onPackageAdded: com.viewerapp, userId: 0, listener: com.sec.android.app.launcher
08-05 15:15:36.865  4916  4964 I PackageUpdatedTask: mAllAppsList.addPackage com.viewerapp
08-05 15:15:36.992  4916  4964 I AppIconSolution: getThemeIconWithBG called with public API, pkg = com.viewerapp
08-05 15:15:36.993  4261  4291 D MetaDataCollector: onReceive: done pkgName=com.viewerapp
08-05 15:15:36.995  4916  4964 I AppIconSolution: start to load, pkg=com.viewerapp, bg=192-192, dr=192-192, forDefault=true, density=640
08-05 15:15:37.006  4916  4964 I AppIconSolution: getIconScale, pkg=com.viewerapp, size=192, iconScale=IconScale[alpha=19, scale=1.0, isCrop=true]
08-05 15:15:37.015  4916  4964 I AppIconSolution: default container[CROP], pkg=com.viewerapp, bg=154-154, dr=192-192
08-05 15:15:37.032  4916  4964 I LauncherActivityInfo: packageName: com.viewerapp, useThemeIcon: false, height: 154, width: 154, density: 640
08-05 15:15:37.099 27536 28010 I GOS:GameIntentService: onHandleIntent(). changeType(INSTALLED), packageName(com.viewerapp), UserHandle(0), Installed(true)
08-05 15:15:37.101 27530 27530 I Finsky  : [2] AIM: AppInfoCacheUpdater -> invalidating apps: [com.viewerapp]
08-05 15:15:37.108  4916  4964 I PackageUpdatedTask: added, appInfo : AppInfo(id=64 type=APP hidden=0 container=all_apps screen=-1 rank=0 user=UserHandle{0} title=viewerapp componentName=ComponentInfo{com.viewerapp/com.viewerapp.MainActivity} screenType=0)
08-05 15:15:37.113 27530 27606 I Finsky  : [8466] AIM: AppInfoManager-Perf > OnDeviceAppInfo > cacheHitCount=0, cacheMissCount=1. Missed  in cache (limit 10) : [com.viewerapp]
08-05 15:15:37.609  4916  4964 I PackageUpdatedTask: mAllAppsList.updatePackage com.viewerapp
08-05 15:15:37.635  4916  4964 I AppIconSolution: getThemeIconWithBG called with public API, pkg = com.viewerapp
08-05 15:15:37.638  4916  4964 I AppIconSolution: start to load, pkg=com.viewerapp, bg=192-192, dr=192-192, forDefault=true, density=640
08-05 15:15:37.648  4916  4964 I AppIconSolution: getIconScale, pkg=com.viewerapp, size=192, iconScale=IconScale[alpha=19, scale=1.0, isCrop=true]
08-05 15:15:37.671  4916  4964 I AppIconSolution: default container[CROP], pkg=com.viewerapp, bg=154-154, dr=192-192
08-05 15:15:37.681  4916  4964 I LauncherActivityInfo: packageName: com.viewerapp, useThemeIcon: false, height: 154, width: 154, density: 640
08-05 15:15:37.724 27536 27536 I GOS:GameServiceReceiver:  Package changeType : ENABLED, packageName : com.viewerapp
08-05 15:15:37.740  4916  4964 I PackageUpdatedTask: modified, appInfo : AppInfo(id=64 type=APP hidden=0 container=all_apps screen=0 rank=19 user=UserHandle{0} title=viewerapp componentName=ComponentInfo{com.viewerapp/com.viewerapp.MainActivity} screenType=0)
08-05 15:15:37.934 27536 28077 I GOS:GameIntentService: onHandleIntent(). changeType(ENABLED), packageName(com.viewerapp), UserHandle(0), Installed(true)
08-05 15:15:38.117  4916  4964 I GameLauncherManagerImp: com.viewerapp does not contain game list
08-05 15:15:45.183  4916  4916 W AppStartUtils: sendActiveLaunchBroadcast() v.hasOnClickListeners() : true, iconInfo : AppInfo(id=64 type=APP hidden=0 container=all_apps screen=0 rank=19 user=UserHandle{0} title=viewerapp componentName=ComponentInfo{com.viewerapp/com.viewerapp.MainActivity} screenType=0)
08-05 15:15:45.185  4261  4590 I Pageboost: start alp : com.viewerapp
08-05 15:15:45.185  4261  4598 I Pageboost: alp for : com.viewerapp , 0
08-05 15:15:45.298  4916  4964 I AppIconSolution: getThemeIconWithBG called with public API, pkg = com.viewerapp
08-05 15:15:45.299  4916  4964 I AppIconSolution: start to load, pkg=com.viewerapp, bg=192-192, dr=192-192, forDefault=true, density=640
08-05 15:15:45.301  4916  4964 I AppIconSolution: getIconScale, pkg=com.viewerapp, size=192, iconScale=IconScale[alpha=19, scale=1.0, isCrop=true]
08-05 15:15:45.303  4916  4964 I AppIconSolution: default container[CROP], pkg=com.viewerapp, bg=154-154, dr=192-192
08-05 15:15:45.307  4916  4964 I LauncherActivityInfo: packageName: com.viewerapp, useThemeIcon: false, height: 154, width: 154, density: 640
08-05 15:15:45.313  4261  5164 I ActivityTaskManager: START u0 {act=android.intent.action.MAIN cat=[android.intent.category.LAUNCHER] flg=0x10200000 cmp=com.viewerapp/.MainActivity bnds=[795,1750][1041,2113]} from uid 10138
08-05 15:15:45.318  4261  5164 D ActivityTaskManager: TaskLaunchParamsModifier:task=null activity=ActivityRecord{464caed u0 com.viewerapp/.MainActivity display-area-from-source=DefaultTaskDisplayArea@238031438 task-display-area=DefaultTaskDisplayArea@238031438 display-area-windowing-mode=1
08-05 15:15:45.319  4261  5164 D ActivityTaskManager: TaskLaunchParamsModifier:task=null activity=ActivityRecord{464caed u0 com.viewerapp/.MainActivity t-1} display-area-from-source=DefaultTaskDisplayArea@238031438 task-display-area=DefaultTaskDisplayArea@238031438 display-area-windowing-mode=1 inherit-from-source=fullscreen activity-options-fullscreen=Rect(0, 0 - 0, 0) non-freeform-display maximized-bounds
08-05 15:15:45.320  4261  4500 D DexPreloader: create a new DexPreloadTask pkg:com.viewerapp  path:/data/app/~~MkVfhISaT0mowmHRiXhzbQ==/com.viewerapp-e1ReNuNrStgGx_Qr4bQHcQ==
08-05 15:15:45.324  4261  5164 D ActivityTaskManager: TaskLaunchParamsModifier:task=Task{3cb080f #24 visible=false type=standard mode=fullscreen translucent=true A=10260:com.viewerapp U=0 StackId=24 sz=0} activity=ActivityRecord{464caed u0 com.viewerapp/.MainActivity t-1} display-from-task=0 task-display-area=DefaultTaskDisplayArea@238031438 display-area-windowing-mode=1 inherit-from-source=fullscreen activity-options-fullscreen=Rect(0, 0 - 0, 0) non-freeform-display maximized-bounds
08-05 15:15:45.325  3931  4401 I SurfaceFlinger: id=1372 createSurf (0x0),-1 flag=80004, ActivityRecord{464caed u0 com.viewerapp/.MainActivity t24}#0
08-05 15:15:45.325  4261 28152 D DexPreloader: /data/app/~~MkVfhISaT0mowmHRiXhzbQ==/com.viewerapp-e1ReNuNrStgGx_Qr4bQHcQ==/oat/arm64/base.odex is already preloaded
08-05 15:15:45.329  4261  5164 D WindowManager: CustomStartingWindowData: className=com.viewerapp.MainActivity, packageName=com.viewerapp, taskUserId=0
08-05 15:15:45.343  4261  6108 D MARsPolicyManager: onPackageResumedFG pkgName = com.viewerapp, userId = 0
08-05 15:15:45.383  4261  4286 D StorageManagerService: getExternalStorageMountMode: uid=10260 packageName=com.viewerapp
08-05 15:15:45.389  3931  3953 I SurfaceFlinger: id=1373 createSurf (0x0),-1 flag=80004, 9181f94 Splash Screen com.viewerapp#0
08-05 15:15:45.390  4261  4287 D WindowManager: rotationForOrientation, orientationSource=ActivityRecord{464caed u0 com.viewerapp/.MainActivity t24}
08-05 15:15:45.392  4261  4287 D WindowManager: rotationForOrientation, orientationSource=ActivityRecord{464caed u0 com.viewerapp/.MainActivity t24}
08-05 15:15:45.399  4261  4261 I Pageboost: package com.viewerapp
08-05 15:15:45.399  4261  4598 I Pageboost: Record App IO : com.viewerapp pid 0
08-05 15:15:45.403  4261  4287 V WindowManager: Relayout Window{9181f94 u0 Splash Screen com.viewerapp}: viewVisibility=0 req=1080x2340
08-05 15:15:45.407  3931  3953 I SurfaceFlinger: id=1374 createSurf (1080x2340),1 flag=404, Splash Screen com.viewerapp#0
08-05 15:15:45.409  4261  4287 D WindowManager: makeSurface duration=3 name=Splash Screen com.viewerapp
08-05 15:15:45.411  4261  4287 D WindowManager: rotationForOrientation, orientationSource=ActivityRecord{464caed u0 com.viewerapp/.MainActivity t24}
08-05 15:15:45.414  4261  4293 I ActivityManager: Start proc 28159:com.viewerapp/u0a260 for pre-top-activity {com.viewerapp/com.viewerapp.MainActivity}
08-05 15:15:45.438  4261  4287 D WindowManager: finishDrawingWindow: Window{9181f94 u0 Splash Screen com.viewerapp} mDrawState=DRAW_PENDING
08-05 15:15:45.441 28159 28159 E com.viewerapp: Not starting debugger since process cannot load the jdwp agent.
08-05 15:15:45.453  4261  4636 I ActivityManager: DSS OFF for com.viewerapp
08-05 15:15:45.455  4261  4636 D ActivityManager: attachApplicationLocked() app=ProcessRecord{1cdb9ef 28159:com.viewerapp/u0a260} app.isolatedEntryPoint=null instr2=null
08-05 15:15:45.457  4261  4636 D WindowManager: rotationForOrientation, orientationSource=ActivityRecord{464caed u0 com.viewerapp/.MainActivity t24}
08-05 15:15:45.457  4261  4636 D WindowManager: rotationForOrientation, orientationSource=ActivityRecord{464caed u0 com.viewerapp/.MainActivity t24}
08-05 15:15:45.464  4261  4636 D WindowManager: rotationForOrientation, orientationSource=ActivityRecord{464caed u0 com.viewerapp/.MainActivity t24}
08-05 15:15:45.466  4261  4636 D PkgDataHelper: notifyAppCreate(), pkgName: com.viewerapp, sendRet: true
08-05 15:15:45.466  4261  4408 D GameManagerService: onLooperPrepared(), msg: MSG_APP_CREATE, pkgName: com.viewerapp
08-05 15:15:45.468  4261  4408 D GameManagerService: onLooperPrepared(), msg: MSG_TASK_FOCUSED, focusedComponent: ComponentInfo{com.viewerapp/com.viewerapp.MainActivity}
08-05 15:15:45.468  4261  4408 D GameManagerService:   handleTaskFocused(), pkgName: com.viewerapp, clsName: com.viewerapp.MainActivity, userID:0
08-05 15:15:45.468  4261  4636 D MARsPolicyManager: onPackageResumedFG pkgName = com.viewerapp, userId = 0
08-05 15:15:45.469  4261  4408 D GameManagerService:   handleResume(). pkgName: com.viewerapp, isTunableApp: null
08-05 15:15:45.469  4261  4408 D GameManagerService: notifyFocusInOut(). of pkg: com.viewerapp, type: 4, isMinimized: false, isTunableApp: false
08-05 15:15:45.471 28159 28159 D ActivityThread: handleBindApplication()++ app=com.viewerapp
08-05 15:15:45.487  4261  4287 D WindowManager: createAnimationAdapter(): container=Task{3cb080f #24 visible=false type=standard mode=fullscreen translucent=true A=10260:com.viewerapp U=0 StackId=24 sz=1}
08-05 15:15:45.488 28159 28159 D ActivityThread: ActivityThread::handleMakeApplication() data=AppBindData{appInfo=ApplicationInfo{15b6a52 com.viewerapp}} appContext=android.app.ContextImpl@bbd7123 appContext.mOpPackageName=com.viewerapp appContext.mBasePackageName=com.viewerapp appContext.mPackageInfo=android.app.LoadedApk@c340620 data.restrictedBackupMode= false data.providers= [ContentProviderInfo{name=com.viewerapp.provider className=com.reactnative.ivpusic.imagepicker.IvpusicImagePickerFileProvider}, ContentProviderInfo{name=com.viewerapp.androidx-startup className=androidx.startup.InitializationProvider}, ContentProviderInfo{name=com.viewerapp.imagepickerprovider className=com.imagepicker.ImagePickerProvider}] Caller=android.app.ActivityThread.handleBindApplication:7500 android.app.ActivityThread.access$1400:301 android.app.ActivityThread$H.handleMessage:2156 android.os.Handler.dispatchMessage:106 android.os.Looper.loop:246 
08-05 15:15:45.490 28159 28159 D LoadedApk: LoadedApk::makeApplication() appContext=android.app.ContextImpl@8c48bd9 appContext.mOpPackageName=com.viewerapp appContext.mBasePackageName=com.viewerapp appContext.mPackageInfo=android.app.LoadedApk@c340620
08-05 15:15:45.493  4261  4287 D WindowManager: 	Add container=Task{3cb080f #24 visible=false type=standard mode=fullscreen translucent=true A=10260:com.viewerapp U=0 StackId=24 sz=1}
08-05 15:15:45.509  3931  4401 I SurfaceFlinger: id=1380 createSurf (0x0),-1 flag=80000, 9c84504 ActivityRecordInputSink com.viewerapp/.MainActivity#0
08-05 15:15:45.515  4261  4287 I WindowManager: container=Task{3cb080f #24 visible=false type=standard mode=fullscreen translucent=true A=10260:com.viewerapp U=0 StackId=24 sz=1}
08-05 15:15:45.516  4261  4410 V ActivityManager: Changed top to 10260,ProcessRecord{1cdb9ef 28159:com.viewerapp/u0a260}
08-05 15:15:45.533  4261  4284 D SehCodecSolutionService: Update top [com.viewerapp]
08-05 15:15:45.533 28159 28159 W SoLoader: Recording new base apk path: /data/app/~~MkVfhISaT0mowmHRiXhzbQ==/com.viewerapp-e1ReNuNrStgGx_Qr4bQHcQ==/base.apk
08-05 15:15:45.535 28159 28159 I SoLoader: Preparing SO source: DirectApkSoSource[root = [/data/app/~~MkVfhISaT0mowmHRiXhzbQ==/com.viewerapp-e1ReNuNrStgGx_Qr4bQHcQ==/base.apk!/lib/arm64-v8a]]
08-05 15:15:45.540  4261  4286 D GameManagerService: identifyGamePackage. com.viewerapp, mCurrentUserId: 0, callerUserId: 0
08-05 15:15:45.540  4261  4286 D PkgDataHelper: getGamePkgData(). com.viewerapp
08-05 15:15:45.543  4261  4286 D SemGameManager: isGamePackage(), pkgName=com.viewerapp
08-05 15:15:45.544  4261  4286 D GameManagerService: identifyGamePackage. com.viewerapp, mCurrentUserId: 0, callerUserId: 0
08-05 15:15:45.544  4261  4286 D PkgDataHelper: getGamePkgData(). com.viewerapp
08-05 15:15:45.545 28159 28159 I SoLoader: Preparing SO source: ApplicationSoSource[DirectorySoSource[root = /data/app/~~MkVfhISaT0mowmHRiXhzbQ==/com.viewerapp-e1ReNuNrStgGx_Qr4bQHcQ==/lib/arm64 flags = 0]]
08-05 15:15:45.545  4261  4286 D GameManagerService: noteResumeComponent(), received resumed-component: com.viewerapp
08-05 15:15:45.545  4261  4408 D GameManagerService: onLooperPrepared(), msg: MSG_APP_RESUME, resumeComponent: ComponentInfo{com.viewerapp/com.viewerapp.MainActivity}
08-05 15:15:45.545  4261  4286 I GameSDK@LifeCycle: noteResumeComponent(): package name  : com.viewerapp
08-05 15:15:45.556 28159 28159 W linker  : Warning: "/data/app/~~MkVfhISaT0mowmHRiXhzbQ==/com.viewerapp-e1ReNuNrStgGx_Qr4bQHcQ==/base.apk!/lib/arm64-v8a/libc++_shared.so" unused DT entry: unknown processor-specific (type 0x70000001 arg 0x0) (ignoring)
08-05 15:15:45.561  4261  4500 D PkgPredictorService: com.viewerapp go to foreground!
08-05 15:15:45.565  4261  4500 D PkgPredictorService: previous pkgs: com.viewerapp,com.viewerapp,com.viewerapp running pkg: com.viewerapp, uid: 0 is system: false
08-05 15:15:45.565  4261  4500 D PkgPredictorService-Collector:  (hour:15 day:3 previous:[com.viewerapp, com.viewerapp, com.viewerapp] activityName:unknown running:com.viewerapp userId:0 screenOrientation:0 wifi:1 bt:0 predictTime:4 apkVersion:1.0 consumeTime:-1 preloaded:false>)
08-05 15:15:45.570  4261  4500 D PkgPredictorService-NapPreloadController: User using: com.viewerapp
08-05 15:15:45.574  4261  4500 D DexPreloader: com.viewerappbecome forground ,dexpreload store app:com.viewerapp pid:28159 dex profile begin
08-05 15:15:45.582  3931  3931 D SurfaceFlinger:      CLIENT | 0x7d42c14800 | 0002 | RGBA_8888    |    0.0 1010.0 1080.0 2090.0 |  818 1777 1005 1964 | Splash Screen com.viewerapp#0
08-05 15:15:45.665  4261  4641 D MdnieScenarioControlService:  packageName : com.viewerapp    className : com.viewerapp.MainActivity
08-05 15:15:45.727 28159 28205 E AndroidRuntime: Process: com.viewerapp, PID: 28159
08-05 15:15:45.760  3931  4401 I SurfaceFlinger: id=1381 createSurf (0x0),-1 flag=80004, aae4624 com.viewerapp/com.viewerapp.MainActivity#0
08-05 15:15:45.774  4261  5166 W ActivityManager: crash : com.viewerapp,10260
08-05 15:15:45.784  4261  4636 V WindowManager: Relayout Window{aae4624 u0 com.viewerapp/com.viewerapp.MainActivity}: viewVisibility=0 req=1080x2340
08-05 15:15:45.788  3931  3954 I SurfaceFlinger: id=1382 createSurf (1080x2340),1 flag=404, com.viewerapp/com.viewerapp.MainActivity$_28159#0
08-05 15:15:45.789  4261  4636 D WindowManager: makeSurface duration=1 name=com.viewerapp/com.viewerapp.MainActivity$_28159
08-05 15:15:45.790  4261  4636 V WindowManager: Changing focus from null to Window{aae4624 u0 com.viewerapp/com.viewerapp.MainActivity} displayId=0 Callers=com.android.server.wm.RootWindowContainer.updateFocusedWindowLocked:567 com.android.server.wm.WindowManagerService.updateFocusedWindowLocked:6316 com.android.server.wm.WindowManagerService.relayoutWindow:2718 com.android.server.wm.Session.relayout:219 
08-05 15:15:45.797  4261  5166 W ActivityTaskManager:   Force finishing activity com.viewerapp/.MainActivity
08-05 15:15:45.806  4261  5166 V WindowManager: Changing focus from Window{aae4624 u0 com.viewerapp/com.viewerapp.MainActivity} to null displayId=0 Callers=com.android.server.wm.RootWindowContainer.updateFocusedWindowLocked:567 com.android.server.wm.WindowManagerService.updateFocusedWindowLocked:6316 com.android.server.wm.DisplayContent.setFocusedApp:6776 com.android.server.wm.ActivityTaskManagerService.setResumedActivityUncheckLocked:6725 
08-05 15:15:45.878  4261  5164 V WindowManager: Setting visibility of Window{aae4624 u0 com.viewerapp/com.viewerapp.MainActivity}: false, caller=com.android.server.wm.WindowContainer.sendAppVisibilityToClients:1004 com.android.server.wm.ActivityRecord.setClientVisible:6401 com.android.server.wm.ActivityRecord.onAnimationFinished:7156 com.android.server.wm.WindowContainer.doAnimationFinished:2626 com.android.server.wm.WindowContainer.onAnimationFinished:2635 
08-05 15:15:45.881  4261  5164 E WindowManager: win=Window{9181f94 u0 Splash Screen com.viewerapp EXITING} destroySurfaces: appStopped=false win.mWindowRemovalAllowed=true win.mRemoveOnExit=true win.mViewVisibility=0 caller=com.android.server.wm.ActivityRecord.destroySurfaces:5261 com.android.server.wm.ActivityRecord.destroySurfaces:5242 com.android.server.wm.WindowState.onExitAnimationDone:5654 com.android.server.wm.-$$Lambda$01bPtngJg5AqEoOWfW3rWfV7MH4.accept:2 java.util.ArrayList.forEach:1262 com.android.server.wm.ActivityRecord.onAnimationFinished:7175 com.android.server.wm.WindowContainer.doAnimationFinished:2626 
08-05 15:15:45.881  4261  5164 I WindowManager: Destroying surface Surface(name=Splash Screen com.viewerapp)/@0x2604dc0 called by com.android.server.wm.WindowStateAnimator.destroySurface:1794 com.android.server.wm.WindowStateAnimator.destroySurfaceLocked:765 com.android.server.wm.WindowState.destroySurfaceUnchecked:3949 com.android.server.wm.WindowState.destroySurface:3923 com.android.server.wm.ActivityRecord.destroySurfaces:5261 com.android.server.wm.ActivityRecord.destroySurfaces:5242 com.android.server.wm.WindowState.onExitAnimationDone:5654 com.android.server.wm.-$$Lambda$01bPtngJg5AqEoOWfW3rWfV7MH4.accept:2 
08-05 15:15:45.882  3931  3953 I Layer   : id=1374 removeFromCurrentState Splash Screen com.viewerapp#0 (67)
08-05 15:15:45.883  4261  5164 D ActivityTaskManager: finishFixedRotationTransform, r=ActivityRecord{464caed u0 com.viewerapp/.MainActivity t24 f}}, caller=com.android.server.wm.WindowToken.finishFixedRotationTransform:664 com.android.server.wm.DisplayContent$FixedRotationTransitionListener.onAppTransitionFinishedLocked:7026 com.android.server.wm.AppTransition.notifyAppTransitionFinishedLocked:543 com.android.server.wm.ActivityRecord.onAnimationFinished:7177 com.android.server.wm.WindowContainer.doAnimationFinished:2626 
08-05 15:15:45.886  4261  5164 D WindowManager: 	container=Task{3cb080f #24 visible=false type=standard mode=fullscreen translucent=true A=10260:com.viewerapp U=0 StackId=24 sz=1}
08-05 15:15:45.899  3931  3953 I Layer   : id=1372 removeFromCurrentState ActivityRecord{464caed u0 com.viewerapp/.MainActivity t24}#0 (63)
08-05 15:15:45.899  3931  3953 I Layer   : id=1380 removeFromCurrentState 9c84504 ActivityRecordInputSink com.viewerapp/.MainActivity#0 (63)
08-05 15:15:45.899  3931  3953 I Layer   : id=1381 removeFromCurrentState aae4624 com.viewerapp/com.viewerapp.MainActivity#0 (63)
08-05 15:15:45.899  3931  3953 I Layer   : id=1382 removeFromCurrentState com.viewerapp/com.viewerapp.MainActivity$_28159#0 (63)
08-05 15:15:45.899  3931  3953 I Layer   : id=1373 removeFromCurrentState 9181f94 Splash Screen com.viewerapp#0 (63)
08-05 15:15:45.899  3931  3953 I Layer   : id=1372 addToCurrentState ActivityRecord{464caed u0 com.viewerapp/.MainActivity t24}#0 (63)
08-05 15:15:45.899  3931  3953 I Layer   : id=1380 addToCurrentState 9c84504 ActivityRecordInputSink com.viewerapp/.MainActivity#0 (63)
08-05 15:15:45.899  3931  3953 I Layer   : id=1381 addToCurrentState aae4624 com.viewerapp/com.viewerapp.MainActivity#0 (63)
08-05 15:15:45.899  3931  3953 I Layer   : id=1382 addToCurrentState com.viewerapp/com.viewerapp.MainActivity$_28159#0 (63)
08-05 15:15:45.899  3931  3953 I Layer   : id=1373 addToCurrentState 9181f94 Splash Screen com.viewerapp#0 (63)
08-05 15:15:45.899  3931  3953 I Layer   : id=1373 removeFromCurrentState 9181f94 Splash Screen com.viewerapp#0 (63)
08-05 15:15:45.900  3931  4401 I SurfaceFlinger: id=1374 Removed Splash Screen com.viewerapp#0 (63)
08-05 15:15:45.900  3931  4401 I SurfaceFlinger: id=1373 Removed 9181f94 Splash Screen com.viewerapp#0 (63)
08-05 15:15:45.902  3931  3931 I Layer   : id=1374[1] Destroyed Splash Screen com.viewerapp#0
08-05 15:15:45.903  3931  3931 I Layer   : id=1373[1] Destroyed 9181f94 Splash Screen com.viewerapp#0
08-05 15:15:45.959  4261  4286 D GameManagerService: notePauseComponent(), received paused-component: com.viewerapp
08-05 15:15:45.968  6073  6073 I SDHMS:PowerAnomaly:GATHERERAPPERROR: update AppError : uid=10260, pkg=com.viewerapp, errorType=crash
08-05 15:15:45.985  6073  6073 I SDHMS:PowerAnomaly:ANALYZERAPPERROR: analyze app error : uid=10260, pkg=com.viewerapp, appErrorCount=1
08-05 15:15:45.992  4261  4379 I WindowManager: WIN DEATH: Window{aae4624 u0 com.viewerapp/com.viewerapp.MainActivity}
08-05 15:15:45.992  4261  4379 W InputDispatcher: Attempted to unregister already unregistered input channel 'aae4624 com.viewerapp/com.viewerapp.MainActivity (server)'
08-05 15:15:45.998  4261  4379 I WindowManager: Destroying surface Surface(name=com.viewerapp/com.viewerapp.MainActivity$_28159)/@0x8ac6f8f called by com.android.server.wm.WindowStateAnimator.destroySurface:1794 com.android.server.wm.WindowStateAnimator.destroySurfaceLocked:765 com.android.server.wm.WindowState.removeImmediately:2696 com.android.server.wm.WindowState.removeIfPossible:2861 com.android.server.wm.WindowState.access$300:300 com.android.server.wm.WindowState$DeathRecipient.binderDied:3438 android.os.IBinder$DeathRecipient.binderDied:311 android.os.BinderProxy.sendDeathNotice:719 
08-05 15:15:45.999  3931  3953 I Layer   : id=1382 removeFromCurrentState com.viewerapp/com.viewerapp.MainActivity$_28159#0 (58)
08-05 15:15:46.003  3931  3954 I SurfaceFlinger: id=1382 Removed com.viewerapp/com.viewerapp.MainActivity$_28159#0 (58)
08-05 15:15:46.004  3931  5005 I Layer   : id=1381 removeFromCurrentState aae4624 com.viewerapp/com.viewerapp.MainActivity#0 (58)
08-05 15:15:46.005  3931  5801 I SurfaceFlinger: id=1381 Removed aae4624 com.viewerapp/com.viewerapp.MainActivity#0 (58)
08-05 15:15:46.019  3931  3931 I Layer   : id=1382[1] Destroyed com.viewerapp/com.viewerapp.MainActivity$_28159#0
08-05 15:15:46.020  3931  3931 I Layer   : id=1381[1] Destroyed aae4624 com.viewerapp/com.viewerapp.MainActivity#0
08-05 15:15:46.031  4261  4275 I ActivityManager: Process com.viewerapp (pid 28159) has died: cch CRE (61,858)
08-05 15:15:46.042  4261  4275 I ActivityTaskManager: Removing activity ActivityRecord{464caed u0 com.viewerapp/.MainActivity t24 f}}(appDied)  from stack callers=com.android.server.wm.ActivityStack$RemoveHistoryRecordsForApp.processActivity:565 com.android.server.wm.ActivityStack$RemoveHistoryRecordsForApp.process:480 com.android.server.wm.ActivityStack.handleAppDied:3395 com.android.server.wm.RootWindowContainer.handleAppDied:3676 com.android.server.wm.ActivityTaskManagerService$LocalService.handleAppDied:8304 
08-05 15:15:46.043  3931  3953 I SurfaceFlinger: id=1380 Removed 9c84504 ActivityRecordInputSink com.viewerapp/.MainActivity#0 (56)
08-05 15:15:46.046  3931  3953 I Layer   : id=1372 removeFromCurrentState ActivityRecord{464caed u0 com.viewerapp/.MainActivity t24}#0 (56)
08-05 15:15:46.046  3931  3953 I Layer   : id=1380 removeFromCurrentState 9c84504 ActivityRecordInputSink com.viewerapp/.MainActivity#0 (56)
08-05 15:15:46.047  3931  3953 I SurfaceFlinger: id=1372 Removed ActivityRecord{464caed u0 com.viewerapp/.MainActivity t24}#0 (56)
08-05 15:15:46.053  3931  3931 I Layer   : id=1372[1] Destroyed ActivityRecord{464caed u0 com.viewerapp/.MainActivity t24}#0
08-05 15:15:46.053  3931  3931 I Layer   : id=1380[1] Destroyed 9c84504 ActivityRecordInputSink com.viewerapp/.MainActivity#0
08-05 15:15:46.061  4261  4491 W SemWifiTransportLayerUtils: getApplicationCategory - IOException com.viewerapp
08-05 15:15:46.061  4261  4491 W System.err: java.io.FileNotFoundException: https://play.google.com/store/apps/details?id=com.viewerapp&hl=en
08-05 15:15:46.087  4261  4284 I ReentryCounter: app reentry info: app name: com.viewerapp  reentry count:1
08-05 15:15:46.303  4261  4286 W ActivityTaskManager: Activity top resumed state loss timeout for ActivityRecord{464caed u0 com.viewerapp/.MainActivity t-1 f}}
08-05 15:15:47.615  4916  4916 W AppStartUtils: sendActiveLaunchBroadcast() v.hasOnClickListeners() : true, iconInfo : AppInfo(id=64 type=APP hidden=0 container=all_apps screen=0 rank=19 user=UserHandle{0} title=viewerapp componentName=ComponentInfo{com.viewerapp/com.viewerapp.MainActivity} screenType=0)
08-05 15:15:47.617  4261  4590 I Pageboost: start alp : com.viewerapp
08-05 15:15:47.617  4261  4598 I Pageboost: alp for : com.viewerapp , 0
08-05 15:15:47.623  4261  4286 D StorageManagerService: getExternalStorageMountMode: uid=10260 packageName=com.viewerapp
08-05 15:15:47.648  4261  4293 I ActivityManager: Start proc 28246:com.viewerapp/u0a260 for activelaunch {com.viewerapp/com.viewerapp.MainActivity}
08-05 15:15:47.666  4261  4636 I ActivityTaskManager: START u0 {act=android.intent.action.MAIN cat=[android.intent.category.LAUNCHER] flg=0x10200000 cmp=com.viewerapp/.MainActivity bnds=[795,1750][1041,2113]} from uid 10138
08-05 15:15:47.667  4261  4636 D ActivityTaskManager: TaskLaunchParamsModifier:task=null activity=ActivityRecord{10009e6 u0 com.viewerapp/.MainActivity display-area-from-source=DefaultTaskDisplayArea@238031438 task-display-area=DefaultTaskDisplayArea@238031438 display-area-windowing-mode=1
08-05 15:15:47.667 28246 28246 E com.viewerapp: Not starting debugger since process cannot load the jdwp agent.
08-05 15:15:47.668  4261  4636 D ActivityTaskManager: TaskLaunchParamsModifier:task=null activity=ActivityRecord{10009e6 u0 com.viewerapp/.MainActivity t-1} display-area-from-source=DefaultTaskDisplayArea@238031438 task-display-area=DefaultTaskDisplayArea@238031438 display-area-windowing-mode=1 inherit-from-source=fullscreen activity-options-fullscreen=Rect(0, 0 - 0, 0) non-freeform-display maximized-bounds
08-05 15:15:47.672  4916  4964 I AppIconSolution: getThemeIconWithBG called with public API, pkg = com.viewerapp
08-05 15:15:47.673  4261  4636 D ActivityTaskManager: TaskLaunchParamsModifier:task=Task{dec7b27 #25 visible=false type=standard mode=fullscreen translucent=true A=10260:com.viewerapp U=0 StackId=25 sz=0} activity=ActivityRecord{10009e6 u0 com.viewerapp/.MainActivity t-1} display-from-task=0 task-display-area=DefaultTaskDisplayArea@238031438 display-area-windowing-mode=1 inherit-from-source=fullscreen activity-options-fullscreen=Rect(0, 0 - 0, 0) non-freeform-display maximized-bounds
08-05 15:15:47.674  4916  4964 I AppIconSolution: start to load, pkg=com.viewerapp, bg=192-192, dr=192-192, forDefault=true, density=640
08-05 15:15:47.674  3931  3953 I SurfaceFlinger: id=1391 createSurf (0x0),-1 flag=80004, ActivityRecord{10009e6 u0 com.viewerapp/.MainActivity t25}#0
08-05 15:15:47.676  4916  4964 I AppIconSolution: getIconScale, pkg=com.viewerapp, size=192, iconScale=IconScale[alpha=19, scale=1.0, isCrop=true]
08-05 15:15:47.679  4916  4964 I AppIconSolution: default container[CROP], pkg=com.viewerapp, bg=154-154, dr=192-192
08-05 15:15:47.682  4916  4964 I LauncherActivityInfo: packageName: com.viewerapp, useThemeIcon: false, height: 154, width: 154, density: 640
08-05 15:15:47.688  4261  5164 I ActivityManager: DSS OFF for com.viewerapp
08-05 15:15:47.688  4261  4636 D MARsPolicyManager: onPackageResumedFG pkgName = com.viewerapp, userId = 0
08-05 15:15:47.697  4261  5164 D ActivityManager: attachApplicationLocked() app=ProcessRecord{8bda61a 28246:com.viewerapp/u0a260} app.isolatedEntryPoint=null instr2=null
08-05 15:15:47.699  4261  5164 D WindowManager: rotationForOrientation, orientationSource=ActivityRecord{10009e6 u0 com.viewerapp/.MainActivity t25}
08-05 15:15:47.699  4261  5164 D WindowManager: rotationForOrientation, orientationSource=ActivityRecord{10009e6 u0 com.viewerapp/.MainActivity t25}
08-05 15:15:47.701  4261  5164 D WindowManager: rotationForOrientation, orientationSource=ActivityRecord{10009e6 u0 com.viewerapp/.MainActivity t25}
08-05 15:15:47.703  4261  4408 D GameManagerService: onLooperPrepared(), msg: MSG_APP_CREATE, pkgName: com.viewerapp
08-05 15:15:47.703  4261  5164 D PkgDataHelper: notifyAppCreate(), pkgName: com.viewerapp, sendRet: true
08-05 15:15:47.706  4261  4408 D GameManagerService: onLooperPrepared(), msg: MSG_TASK_FOCUSED, focusedComponent: ComponentInfo{com.viewerapp/com.viewerapp.MainActivity}
08-05 15:15:47.707  4261  4408 D GameManagerService:   handleTaskFocused(), pkgName: com.viewerapp, clsName: com.viewerapp.MainActivity, userID:0
08-05 15:15:47.707  4261  4408 D GameManagerService:   handleResume(). pkgName: com.viewerapp, isTunableApp: null
08-05 15:15:47.707  4261  4408 D GameManagerService: notifyFocusInOut(). of pkg: com.viewerapp, type: 4, isMinimized: false, isTunableApp: false
08-05 15:15:47.707  4261  5164 D MARsPolicyManager: onPackageResumedFG pkgName = com.viewerapp, userId = 0
08-05 15:15:47.729  4261  4261 I Pageboost: package com.viewerapp
08-05 15:15:47.730  4261  4598 I Pageboost: Record App IO : com.viewerapp pid 28246
08-05 15:15:47.730  3931  3953 I SurfaceFlinger: id=1392 createSurf (0x0),-1 flag=80004, dc6ee15 Splash Screen com.viewerapp#0
08-05 15:15:47.730 28246 28246 D ActivityThread: handleBindApplication()++ app=com.viewerapp
08-05 15:15:47.731  4261  4286 V ActivityManager: Changed top to 10260,ProcessRecord{8bda61a 28246:com.viewerapp/u0a260}
08-05 15:15:47.734  4261  4287 V WindowManager: Relayout Window{dc6ee15 u0 Splash Screen com.viewerapp}: viewVisibility=0 req=1080x2340
08-05 15:15:47.737  3931  3954 I SurfaceFlinger: id=1393 createSurf (1080x2340),1 flag=404, Splash Screen com.viewerapp#0
08-05 15:15:47.738  4261  4287 D WindowManager: makeSurface duration=1 name=Splash Screen com.viewerapp
08-05 15:15:47.744  4261  4284 D SehCodecSolutionService: Update top [com.viewerapp]
08-05 15:15:47.751  4261  4500 D PkgPredictorService: com.viewerapp go to foreground!
08-05 15:15:47.751  4261  4500 D PkgPredictorService: previous pkgs: com.viewerapp,com.viewerapp,com.viewerapp running pkg: com.viewerapp, uid: 0 is system: false
08-05 15:15:47.752  4261  4500 D PkgPredictorService-Collector:  (hour:15 day:3 previous:[com.viewerapp, com.viewerapp, com.viewerapp] activityName:unknown running:com.viewerapp userId:0 screenOrientation:0 wifi:1 bt:0 predictTime:3 apkVersion:1.0 consumeTime:-1 preloaded:false>)
08-05 15:15:47.752  4261  4500 D PkgPredictorService-NapPreloadController: User using: com.viewerapp
08-05 15:15:47.757  4261  4287 D WindowManager: finishDrawingWindow: Window{dc6ee15 u0 Splash Screen com.viewerapp} mDrawState=DRAW_PENDING
08-05 15:15:47.764  4261  4287 D WindowManager: createAnimationAdapter(): container=Task{dec7b27 #25 visible=false type=standard mode=fullscreen translucent=true A=10260:com.viewerapp U=0 StackId=25 sz=1}
08-05 15:15:47.764 28246 28246 D ActivityThread: ActivityThread::handleMakeApplication() data=AppBindData{appInfo=ApplicationInfo{15b6a52 com.viewerapp}} appContext=android.app.ContextImpl@bbd7123 appContext.mOpPackageName=com.viewerapp appContext.mBasePackageName=com.viewerapp appContext.mPackageInfo=android.app.LoadedApk@c340620 data.restrictedBackupMode= false data.providers= [ContentProviderInfo{name=com.viewerapp.provider className=com.reactnative.ivpusic.imagepicker.IvpusicImagePickerFileProvider}, ContentProviderInfo{name=com.viewerapp.androidx-startup className=androidx.startup.InitializationProvider}, ContentProviderInfo{name=com.viewerapp.imagepickerprovider className=com.imagepicker.ImagePickerProvider}] Caller=android.app.ActivityThread.handleBindApplication:7500 android.app.ActivityThread.access$1400:301 android.app.ActivityThread$H.handleMessage:2156 android.os.Handler.dispatchMessage:106 android.os.Looper.loop:246 
08-05 15:15:47.765 28246 28246 D LoadedApk: LoadedApk::makeApplication() appContext=android.app.ContextImpl@8c48bd9 appContext.mOpPackageName=com.viewerapp appContext.mBasePackageName=com.viewerapp appContext.mPackageInfo=android.app.LoadedApk@c340620
08-05 15:15:47.766  4261  4287 D WindowManager: 	Add container=Task{dec7b27 #25 visible=false type=standard mode=fullscreen translucent=true A=10260:com.viewerapp U=0 StackId=25 sz=1}
08-05 15:15:47.773  3931  3953 I SurfaceFlinger: id=1399 createSurf (0x0),-1 flag=80000, 5c7b041 ActivityRecordInputSink com.viewerapp/.MainActivity#0
08-05 15:15:47.776  4261  4287 I WindowManager: container=Task{dec7b27 #25 visible=false type=standard mode=fullscreen translucent=true A=10260:com.viewerapp U=0 StackId=25 sz=1}
08-05 15:15:47.783  4261  4286 D GameManagerService: identifyGamePackage. com.viewerapp, mCurrentUserId: 0, callerUserId: 0
08-05 15:15:47.784  4261  4286 D PkgDataHelper: getGamePkgData(). com.viewerapp
08-05 15:15:47.787  4261  4286 D SemGameManager: isGamePackage(), pkgName=com.viewerapp
08-05 15:15:47.788  4261  4286 D GameManagerService: identifyGamePackage. com.viewerapp, mCurrentUserId: 0, callerUserId: 0
08-05 15:15:47.788  4261  4286 D PkgDataHelper: getGamePkgData(). com.viewerapp
08-05 15:15:47.788  4261  4286 D GameManagerService: noteResumeComponent(), received resumed-component: com.viewerapp
08-05 15:15:47.789  4261  4408 D GameManagerService: onLooperPrepared(), msg: MSG_APP_RESUME, resumeComponent: ComponentInfo{com.viewerapp/com.viewerapp.MainActivity}
08-05 15:15:47.789  4261  4286 I GameSDK@LifeCycle: noteResumeComponent(): package name  : com.viewerapp
08-05 15:15:47.798 28246 28246 W SoLoader: Recording new base apk path: /data/app/~~MkVfhISaT0mowmHRiXhzbQ==/com.viewerapp-e1ReNuNrStgGx_Qr4bQHcQ==/base.apk
08-05 15:15:47.801 28246 28246 I SoLoader: Preparing SO source: DirectApkSoSource[root = [/data/app/~~MkVfhISaT0mowmHRiXhzbQ==/com.viewerapp-e1ReNuNrStgGx_Qr4bQHcQ==/base.apk!/lib/arm64-v8a]]
08-05 15:15:47.809 28246 28246 I SoLoader: Preparing SO source: ApplicationSoSource[DirectorySoSource[root = /data/app/~~MkVfhISaT0mowmHRiXhzbQ==/com.viewerapp-e1ReNuNrStgGx_Qr4bQHcQ==/lib/arm64 flags = 0]]
08-05 15:15:47.814  3931  3931 D SurfaceFlinger:      CLIENT | 0x7d42c14940 | 0002 | RGBA_8888    |    0.0 1010.0 1080.0 2090.0 |  814 1773 1006 1965 | Splash Screen com.viewerapp#0
08-05 15:15:47.822 28246 28246 W linker  : Warning: "/data/app/~~MkVfhISaT0mowmHRiXhzbQ==/com.viewerapp-e1ReNuNrStgGx_Qr4bQHcQ==/base.apk!/lib/arm64-v8a/libc++_shared.so" unused DT entry: unknown processor-specific (type 0x70000001 arg 0x0) (ignoring)
08-05 15:15:47.875  4261  4641 D MdnieScenarioControlService:  packageName : com.viewerapp    className : com.viewerapp.MainActivity
08-05 15:15:47.952 28246 28289 E AndroidRuntime: Process: com.viewerapp, PID: 28246
08-05 15:15:47.959  4261  4636 W ActivityManager: crash : com.viewerapp,10260
08-05 15:15:47.960  4261  4636 W ActivityTaskManager:   Force finishing activity com.viewerapp/.MainActivity
08-05 15:15:48.035  6073  6073 I SDHMS:PowerAnomaly:GATHERERAPPERROR: update AppError : uid=10260, pkg=com.viewerapp, errorType=crash
08-05 15:15:48.044  6073  6073 I SDHMS:PowerAnomaly:ANALYZERAPPERROR: analyze app error : uid=10260, pkg=com.viewerapp, appErrorCount=2
08-05 15:15:48.070  4261  4286 D GameManagerService: notePauseComponent(), received paused-component: com.viewerapp
08-05 15:15:48.081  3931  3954 I SurfaceFlinger: id=1403 createSurf (0x0),-1 flag=80004, 406b3ad com.viewerapp/com.viewerapp.MainActivity#0
08-05 15:15:48.104  4261  7490 V WindowManager: Relayout Window{406b3ad u0 com.viewerapp/com.viewerapp.MainActivity}: viewVisibility=0 req=1080x2340
08-05 15:15:48.107  3931  5801 I SurfaceFlinger: id=1404 createSurf (1080x2340),1 flag=404, com.viewerapp/com.viewerapp.MainActivity$_28246#0
08-05 15:15:48.108  4261  7490 D WindowManager: makeSurface duration=2 name=com.viewerapp/com.viewerapp.MainActivity$_28246
08-05 15:15:48.117  4261  6065 V WindowManager: Setting visibility of Window{406b3ad u0 com.viewerapp/com.viewerapp.MainActivity}: false, caller=com.android.server.wm.WindowContainer.sendAppVisibilityToClients:1004 com.android.server.wm.ActivityRecord.setClientVisible:6401 com.android.server.wm.ActivityRecord.onAnimationFinished:7156 com.android.server.wm.WindowContainer.doAnimationFinished:2626 com.android.server.wm.WindowContainer.onAnimationFinished:2635 
